10.2.3.4 - - [16/Apr/2017:11:40:47 +0900] "GET / HTTP/1.1" 200 854 "-" "Mozilla/4.0 (compatible; MSIE 5.5; Windows 98)"
10.2.3.13 - - [25/Apr/2017:10:42:47 +0900] "GET / HTTP/1.1" 200 854 "-" "Mozilla/4.0 (compatible; MSIE 5.5; Windows 98)"
10.2.3.26 - - [11/Apr/2017:07:50:47 +0900] "GET / HTTP/1.1" 200 854 "-" "Mozilla/4.0 (compatible; MSIE 5.5; Windows 98)"
10.2.3.24 - - [08/Apr/2017:10:45:47 +0900] "GET / HTTP/1.1" 200 854 "-" "Mozilla/4.0 (compatible; MSIE 5.5; Windows 98)"
10.2.3.3 - - [10/Apr/2017:12:58:47 +0900] "GET / HTTP/1.1" 200 854 "-" "Mozilla/4.0 (compatible; MSIE 5.5; Windows 98)"
10.2.3.5 - - [28/Apr/2017:10:34:47 +0900] "GET / HTTP/1.1" 200 854 "-" "Mozilla/4.0 (compatible; MSIE 5.5; Windows 98)"
10.2.3.19 - - [21/Apr/2016:09:28:47 +0900] "GET / HTTP/1.1" 200 854 "-" "Mozilla/4.0 (compatible; MSIE 5.5; Windows 98)"
10.2.3.17 - - [22/Apr/2017:18:22:47 +0900] "GET / HTTP/1.1" 200 854 "-" "Mozilla/4.0 (compatible; MSIE 5.5; Windows 98)"
10.2.3.2 - - [15/Apr/2016:23:19:47 +0900] "GET / HTTP/1.1" 200 854 "-" "Mozilla/4.0 (compatible; MSIE 5.5; Windows 98)"
10.2.3.12 - - [01/Apr/2016:19:11:47 +0900] "GET / HTTP/1.1" 200 854 "-" "Mozilla/4.0 (compatible; MSIE 5.5; Windows 98)"
10.2.3.21 - - [28/Apr/2016:19:21:47 +0900] "GET / HTTP/1.1" 200 854 "-" "Mozilla/4.0 (compatible; MSIE 5.5; Windows 98)"
10.2.3.3 - - [10/Apr/2016:02:13:47 +0900] "GET / HTTP/1.1" 200 854 "-" "Mozilla/4.0 (compatible; MSIE 5.5; Windows 98)"
10.2.3.30 - - [21/Apr/2017:10:31:47 +0900] "GET / HTTP/1.1" 200 854 "-" "Mozilla/4.0 (compatible; MSIE 5.5; Windows 98)"
10.2.3.18 - - [30/Apr/2016:05:35:47 +0900] "GET / HTTP/1.1" 200 854 "-" "Mozilla/4.0 (compatible; MSIE 5.5; Windows 98)"
10.2.3.2 - - [21/Apr/2017:18:15:47 +0900] "GET / HTTP/1.1" 200 854 "-" "Mozilla/4.0 (compatible; MSIE 5.5; Windows 98)"
10.2.3.30 - - [30/Apr/2016:01:20:47 +0900] "GET / HTTP/1.1" 200 854 "-" "Mozilla/4.0 (compatible; MSIE 5.5; Windows 98)"
10.2.3.11 - - [28/Apr/2017:08:18:47 +0900] "GET / HTTP/1.1" 200 854 "-" "Mozilla/4.0 (compatible; MSIE 5.5; Windows 98)"
10.2.3.20 - - [01/Apr/2016:16:22:47 +0900] "GET / HTTP/1.1" 200 854 "-" "Mozilla/4.0 (compatible; MSIE 5.5; Windows 98)"
10.2.3.22 - - [18/Jan/2016:08:06:47 +0900] "GET / HTTP/1.1" 200 854 "-" "Mozilla/4.0 (compatible; MSIE 5.5; Windows 98)"
10.2.3.16 - - [03/Apr/2016:15:00:47 +0900] "GET / HTTP/1.1" 200 854 "-" "Mozilla/4.0 (compatible; MSIE 5.5; Windows 98)"
10.2.3.6 - - [02/Apr/2017:21:16:47 +0900] "GET / HTTP/1.1" 200 854 "-" "Mozilla/4.0 (compatible; MSIE 5.5; Windows 98)"
10.2.3.14 - - [23/Apr/2017:21:34:47 +0900] "GET / HTTP/1.1" 200 854 "-" "Mozilla/4.0 (compatible; MSIE 5.5; Windows 98)"
10.2.3.15 - - [18/Apr/2017:04:20:47 +0900] "GET / HTTP/1.1" 200 854 "-" "Mozilla/4.0 (compatible; MSIE 5.5; Windows 98)"
10.2.3.14 - - [01/Apr/2017:21:56:47 +0900] "GET / HTTP/1.1" 200 854 "-" "Mozilla/4.0 (compatible; MSIE 5.5; Windows 98)"
10.2.3.17 - - [07/Apr/2016:10:44:47 +0900] "GET / HTTP/1.1" 200 854 "-" "Mozilla/4.0 (compatible; MSIE 5.5; Windows 98)"
10.2.3.12 - - [02/Apr/2016:17:36:47 +0900] "GET / HTTP/1.1" 200 854 "-" "Mozilla/4.0 (compatible; MSIE 5.5; Windows 98)"
10.2.3.1 - - [11/Apr/2017:16:44:47 +0900] "GET / HTTP/1.1" 200 854 "-" "Mozilla/4.0 (compatible; MSIE 5.5; Windows 98)"
10.2.3.3 - - [19/Apr/2017:22:29:47 +0900] "GET / HTTP/1.1" 200 854 "-" "Mozilla/4.0 (compatible; MSIE 5.5; Windows 98)"
10.2.3.8 - - [17/Apr/2016:10:34:47 +0900] "GET / HTTP/1.1" 200 854 "-" "Mozilla/4.0 (compatible; MSIE 5.5; Windows 98)"
10.2.3.10 - - [07/Apr/2017:09:20:47 +0900] "GET / HTTP/1.1" 200 854 "-" "Mozilla/4.0 (compatible; MSIE 5.5; Windows 98)"
10.2.3.2 - - [21/Apr/2017:18:10:47 +0900] "GET / HTTP/1.1" 200 854 "-" "Mozilla/4.0 (compatible; MSIE 5.5; Windows 98)"
10.2.3.5 - - [25/Apr/2017:10:04:47 +0900] "GET / HTTP/1.1" 200 854 "-" "Mozilla/4.0 (compatible; MSIE 5.5; Windows 98)"
10.2.3.20 - - [08/Apr/2017:15:57:47 +0900] "GET / HTTP/1.1" 200 854 "-" "Mozilla/4.0 (compatible; MSIE 5.5; Windows 98)"
10.2.3.14 - - [19/Apr/2016:18:21:47 +0900] "GET / HTTP/1.1" 200 854 "-" "Mozilla/4.0 (compatible; MSIE 5.5; Windows 98)"
10.2.3.9 - - [26/Apr/2017:04:04:47 +0900] "GET / HTTP/1.1" 200 854 "-" "Mozilla/4.0 (compatible; MSIE 5.5; Windows 98)"
10.2.3.12 - - [12/Apr/2016:16:00:47 +0900] "GET / HTTP/1.1" 200 854 "-" "Mozilla/4.0 (compatible; MSIE 5.5; Windows 98)"
10.2.3.6 - - [11/Apr/2017:19:30:47 +0900] "GET / HTTP/1.1" 200 854 "-" "Mozilla/4.0 (compatible; MSIE 5.5; Windows 98)"
10.2.3.29 - - [23/Apr/2016:18:54:47 +0900] "GET / HTTP/1.1" 200 854 "-" "Mozilla/4.0 (compatible; MSIE 5.5; Windows 98)"
10.2.3.4 - - [20/Apr/2017:06:42:47 +0900] "GET / HTTP/1.1" 200 854 "-" "Mozilla/4.0 (compatible; MSIE 5.5; Windows 98)"
10.2.3.2 - - [02/Apr/2017:00:11:47 +0900] "GET / HTTP/1.1" 200 854 "-" "Mozilla/4.0 (compatible; MSIE 5.5; Windows 98)"
10.2.3.13 - - [23/Apr/2017:06:39:47 +0900] "GET / HTTP/1.1" 200 854 "-" "Mozilla/4.0 (compatible; MSIE 5.5; Windows 98)"
10.2.3.25 - - [26/Apr/2016:00:25:47 +0900] "GET / HTTP/1.1" 200 854 "-" "Mozilla/4.0 (compatible; MSIE 5.5; Windows 98)"
10.2.3.21 - - [13/Apr/2017:05:11:47 +0900] "GET / HTTP/1.1" 200 854 "-" "Mozilla/4.0 (compatible; MSIE 5.5; Windows 98)"
10.2.3.14 - - [09/Apr/2016:11:25:47 +0900] "GET / HTTP/1.1" 200 854 "-" "Mozilla/4.0 (compatible; MSIE 5.5; Windows 98)"
10.2.3.13 - - [05/Apr/2016:03:26:47 +0900] "GET / HTTP/1.1" 200 854 "-" "Mozilla/4.0 (compatible; MSIE 5.5; Windows 98)"
10.2.3.15 - - [13/Apr/2016:00:41:47 +0900] "GET / HTTP/1.1" 200 854 "-" "Mozilla/4.0 (compatible; MSIE 5.5; Windows 98)"
10.2.3.30 - - [03/Apr/2017:21:10:47 +0900] "GET / HTTP/1.1" 200 854 "-" "Mozilla/4.0 (compatible; MSIE 5.5; Windows 98)"
10.2.3.11 - - [17/Apr/2016:07:32:47 +0900] "GET / HTTP/1.1" 200 854 "-" "Mozilla/4.0 (compatible; MSIE 5.5; Windows 98)"
10.2.3.1 - - [06/Apr/2017:15:41:47 +0900] "GET / HTTP/1.1" 200 854 "-" "Mozilla/4.0 (compatible; MSIE 5.5; Windows 98)"
10.2.3.11 - - [28/Apr/2016:06:50:47 +0900] "GET / HTTP/1.1" 200 854 "-" "Mozilla/4.0 (compatible; MSIE 5.5; Windows 98)"
10.2.3.17 - - [04/Apr/2016:09:04:47 +0900] "GET / HTTP/1.1" 200 854 "-" "Mozilla/4.0 (compatible; MSIE 5.5; Windows 98)"
10.2.3.12 - - [23/Apr/2016:17:41:47 +0900] "GET / HTTP/1.1" 200 854 "-" "Mozilla/4.0 (compatible; MSIE 5.5; Windows 98)"
10.2.3.13 - - [28/Apr/2017:11:05:47 +0900] "GET / HTTP/1.1" 200 854 "-" "Mozilla/4.0 (compatible; MSIE 5.5; Windows 98)"
10.2.3.4 - - [14/Apr/2017:19:46:47 +0900] "GET / HTTP/1.1" 200 854 "-" "Mozilla/4.0 (compatible; MSIE 5.5; Windows 98)"
10.2.3.12 - - [26/Apr/2016:03:53:47 +0900] "GET / HTTP/1.1" 200 854 "-" "Mozilla/4.0 (compatible; MSIE 5.5; Windows 98)"
10.2.3.24 - - [20/Apr/2016:02:56:47 +0900] "GET / HTTP/1.1" 200 854 "-" "Mozilla/4.0 (compatible; MSIE 5.5; Windows 98)"
10.2.3.3 - - [05/Apr/2016:09:18:47 +0900] "GET / HTTP/1.1" 200 854 "-" "Mozilla/4.0 (compatible; MSIE 5.5; Windows 98)"
10.2.3.10 - - [15/Apr/2017:23:10:47 +0900] "GET / HTTP/1.1" 200 854 "-" "Mozilla/4.0 (compatible; MSIE 5.5; Windows 98)"
10.2.3.3 - - [07/Apr/2017:04:31:47 +0900] "GET / HTTP/1.1" 200 854 "-" "Mozilla/4.0 (compatible; MSIE 5.5; Windows 98)"
10.2.3.21 - - [19/Apr/2016:18:20:47 +0900] "GET / HTTP/1.1" 200 854 "-" "Mozilla/4.0 (compatible; MSIE 5.5; Windows 98)"
10.2.3.30 - - [27/Apr/2016:21:36:47 +0900] "GET / HTTP/1.1" 200 854 "-" "Mozilla/4.0 (compatible; MSIE 5.5; Windows 98)"
10.2.3.28 - - [15/Apr/2017:01:01:47 +0900] "GET / HTTP/1.1" 200 854 "-" "Mozilla/4.0 (compatible; MSIE 5.5; Windows 98)"
10.2.3.15 - - [08/Apr/2016:03:24:47 +0900] "GET / HTTP/1.1" 200 854 "-" "Mozilla/4.0 (compatible; MSIE 5.5; Windows 98)"
10.2.3.19 - - [01/Apr/2017:11:28:47 +0900] "GET / HTTP/1.1" 200 854 "-" "Mozilla/4.0 (compatible; MSIE 5.5; Windows 98)"
10.2.3.26 - - [01/Apr/2016:13:03:47 +0900] "GET / HTTP/1.1" 200 854 "-" "Mozilla/4.0 (compatible; MSIE 5.5; Windows 98)"
10.2.3.21 - - [15/Apr/2016:04:23:47 +0900] "GET / HTTP/1.1" 200 854 "-" "Mozilla/4.0 (compatible; MSIE 5.5; Windows 98)"
10.2.3.9 - - [26/Apr/2016:23:02:47 +0900] "GET / HTTP/1.1" 200 854 "-" "Mozilla/4.0 (compatible; MSIE 5.5; Windows 98)"
10.2.3.1 - - [28/Apr/2017:12:39:47 +0900] "GET / HTTP/1.1" 200 854 "-" "Mozilla/4.0 (compatible; MSIE 5.5; Windows 98)"
10.2.3.27 - - [28/Apr/2017:07:09:47 +0900] "GET / HTTP/1.1" 200 854 "-" "Mozilla/4.0 (compatible; MSIE 5.5; Windows 98)"
10.2.3.4 - - [17/Apr/2016:04:44:47 +0900] "GET / HTTP/1.1" 200 854 "-" "Mozilla/4.0 (compatible; MSIE 5.5; Windows 98)"
10.2.3.18 - - [20/Apr/2017:15:14:47 +0900] "GET / HTTP/1.1" 200 854 "-" "Mozilla/4.0 (compatible; MSIE 5.5; Windows 98)"
10.2.3.6 - - [08/Apr/2017:00:22:47 +0900] "GET / HTTP/1.1" 200 854 "-" "Mozilla/4.0 (compatible; MSIE 5.5; Windows 98)"
10.2.3.19 - - [23/Apr/2016:06:03:47 +0900] "GET / HTTP/1.1" 200 854 "-" "Mozilla/4.0 (compatible; MSIE 5.5; Windows 98)"
10.2.3.4 - - [18/Apr/2017:22:08:47 +0900] "GET / HTTP/1.1" 200 854 "-" "Mozilla/4.0 (compatible; MSIE 5.5; Windows 98)"
10.2.3.17 - - [06/Apr/2017:12:48:47 +0900] "GET / HTTP/1.1" 200 854 "-" "Mozilla/4.0 (compatible; MSIE 5.5; Windows 98)"
10.2.3.27 - - [20/Apr/2016:02:42:47 +0900] "GET / HTTP/1.1" 200 854 "-" "Mozilla/4.0 (compatible; MSIE 5.5; Windows 98)"
10.2.3.22 - - [06/Apr/2017:03:33:47 +0900] "GET / HTTP/1.1" 200 854 "-" "Mozilla/4.0 (compatible; MSIE 5.5; Windows 98)"
10.2.3.29 - - [27/Apr/2016:15:45:47 +0900] "GET / HTTP/1.1" 200 854 "-" "Mozilla/4.0 (compatible; MSIE 5.5; Windows 98)"
10.2.3.28 - - [20/Apr/2017:12:07:47 +0900] "GET / HTTP/1.1" 200 854 "-" "Mozilla/4.0 (compatible; MSIE 5.5; Windows 98)"
10.2.3.18 - - [28/Apr/2017:11:54:47 +0900] "GET / HTTP/1.1" 200 854 "-" "Mozilla/4.0 (compatible; MSIE 5.5; Windows 98)"
10.2.3.28 - - [09/Apr/2017:06:04:47 +0900] "GET / HTTP/1.1" 200 854 "-" "Mozilla/4.0 (compatible; MSIE 5.5; Windows 98)"
10.2.3.1 - - [23/Apr/2016:06:05:47 +0900] "GET / HTTP/1.1" 200 854 "-" "Mozilla/4.0 (compatible; MSIE 5.5; Windows 98)"
10.2.3.16 - - [23/Apr/2016:09:19:47 +0900] "GET / HTTP/1.1" 200 854 "-" "Mozilla/4.0 (compatible; MSIE 5.5; Windows 98)"
10.2.3.20 - - [25/Apr/2017:21:52:47 +0900] "GET / HTTP/1.1" 200 854 "-" "Mozilla/4.0 (compatible; MSIE 5.5; Windows 98)"
10.2.3.12 - - [23/Apr/2016:05:21:47 +0900] "GET / HTTP/1.1" 200 854 "-" "Mozilla/4.0 (compatible; MSIE 5.5; Windows 98)"
10.2.3.11 - - [24/Apr/2016:04:09:47 +0900] "GET / HTTP/1.1" 200 854 "-" "Mozilla/4.0 (compatible; MSIE 5.5; Windows 98)"
10.2.3.18 - - [25/Apr/2016:19:43:47 +0900] "GET / HTTP/1.1" 200 854 "-" "Mozilla/4.0 (compatible; MSIE 5.5; Windows 98)"
10.2.3.11 - - [19/Apr/2017:16:34:47 +0900] "GET / HTTP/1.1" 200 854 "-" "Mozilla/4.0 (compatible; MSIE 5.5; Windows 98)"
10.2.3.6 - - [27/Apr/2017:04:12:47 +0900] "GET / HTTP/1.1" 200 854 "-" "Mozilla/4.0 (compatible; MSIE 5.5; Windows 98)"
10.2.3.19 - - [03/Apr/2016:15:05:47 +0900] "GET / HTTP/1.1" 200 854 "-" "Mozilla/4.0 (compatible; MSIE 5.5; Windows 98)"
10.2.3.26 - - [06/Apr/2016:13:00:47 +0900] "GET / HTTP/1.1" 200 854 "-" "Mozilla/4.0 (compatible; MSIE 5.5; Windows 98)"
10.2.3.16 - - [10/Apr/2017:06:07:47 +0900] "GET / HTTP/1.1" 200 854 "-" "Mozilla/4.0 (compatible; MSIE 5.5; Windows 98)"
10.2.3.19 - - [25/Apr/2017:11:01:47 +0900] "GET / HTTP/1.1" 200 854 "-" "Mozilla/4.0 (compatible; MSIE 5.5; Windows 98)"
10.2.3.9 - - [30/Apr/2016:07:11:47 +0900] "GET / HTTP/1.1" 200 854 "-" "Mozilla/4.0 (compatible; MSIE 5.5; Windows 98)"
10.2.3.23 - - [04/Apr/2017:01:50:47 +0900] "GET / HTTP/1.1" 200 854 "-" "Mozilla/4.0 (compatible; MSIE 5.5; Windows 98)"
10.2.3.4 - - [13/Apr/2016:01:21:47 +0900] "GET / HTTP/1.1" 200 854 "-" "Mozilla/4.0 (compatible; MSIE 5.5; Windows 98)"
10.2.3.29 - - [01/Apr/2017:13:25:47 +0900] "GET / HTTP/1.1" 200 854 "-" "Mozilla/4.0 (compatible; MSIE 5.5; Windows 98)"
10.2.3.14 - - [01/Apr/2017:21:12:47 +0900] "GET / HTTP/1.1" 200 854 "-" "Mozilla/4.0 (compatible; MSIE 5.5; Windows 98)"
10.2.3.19 - - [16/Apr/2016:16:27:47 +0900] "GET / HTTP/1.1" 200 854 "-" "Mozilla/4.0 (compatible; MSIE 5.5; Windows 98)"
10.2.3.19 - - [25/Apr/2017:04:21:47 +0900] "GET / HTTP/1.1" 200 854 "-" "Mozilla/4.0 (compatible; MSIE 5.5; Windows 98)"
10.2.3.21 - - [10/Apr/2016:16:08:47 +0900] "GET / HTTP/1.1" 200 854 "-" "Mozilla/4.0 (compatible; MSIE 5.5; Windows 98)"
10.2.3.18 - - [17/Apr/2017:23:35:47 +0900] "GET / HTTP/1.1" 200 854 "-" "Mozilla/4.0 (compatible; MSIE 5.5; Windows 98)"
10.2.3.13 - - [15/Apr/2017:15:51:47 +0900] "GET / HTTP/1.1" 200 854 "-" "Mozilla/4.0 (compatible; MSIE 5.5; Windows 98)"
10.2.3.30 - - [24/Apr/2016:13:24:47 +0900] "GET / HTTP/1.1" 200 854 "-" "Mozilla/4.0 (compatible; MSIE 5.5; Windows 98)"
10.2.3.25 - - [25/Apr/2016:22:17:47 +0900] "GET / HTTP/1.1" 200 854 "-" "Mozilla/4.0 (compatible; MSIE 5.5; Windows 98)"
10.2.3.23 - - [23/Apr/2016:08:49:47 +0900] "GET / HTTP/1.1" 200 854 "-" "Mozilla/4.0 (compatible; MSIE 5.5; Windows 98)"
10.2.3.25 - - [14/Apr/2017:06:06:47 +0900] "GET / HTTP/1.1" 200 854 "-" "Mozilla/4.0 (compatible; MSIE 5.5; Windows 98)"
10.2.3.29 - - [26/Apr/2017:02:40:47 +0900] "GET / HTTP/1.1" 200 854 "-" "Mozilla/4.0 (compatible; MSIE 5.5; Windows 98)"
10.2.3.23 - - [25/Apr/2016:13:49:47 +0900] "GET / HTTP/1.1" 200 854 "-" "Mozilla/4.0 (compatible; MSIE 5.5; Windows 98)"
10.2.3.30 - - [07/Apr/2016:14:27:47 +0900] "GET / HTTP/1.1" 200 854 "-" "Mozilla/4.0 (compatible; MSIE 5.5; Windows 98)"
10.2.3.27 - - [09/Apr/2016:15:30:47 +0900] "GET / HTTP/1.1" 200 854 "-" "Mozilla/4.0 (compatible; MSIE 5.5; Windows 98)"
10.2.3.30 - - [06/Apr/2016:16:57:47 +0900] "GET / HTTP/1.1" 200 854 "-" "Mozilla/4.0 (compatible; MSIE 5.5; Windows 98)"
10.2.3.19 - - [08/Apr/2016:01:40:47 +0900] "GET / HTTP/1.1" 200 854 "-" "Mozilla/4.0 (compatible; MSIE 5.5; Windows 98)"
10.2.3.4 - - [05/Apr/2017:22:45:47 +0900] "GET / HTTP/1.1" 200 854 "-" "Mozilla/4.0 (compatible; MSIE 5.5; Windows 98)"
10.2.3.18 - - [05/Apr/2017:11:59:47 +0900] "GET / HTTP/1.1" 200 854 "-" "Mozilla/4.0 (compatible; MSIE 5.5; Windows 98)"
10.2.3.19 - - [24/Apr/2016:02:39:47 +0900] "GET / HTTP/1.1" 200 854 "-" "Mozilla/4.0 (compatible; MSIE 5.5; Windows 98)"
10.2.3.26 - - [11/Apr/2016:05:30:47 +0900] "GET / HTTP/1.1" 200 854 "-" "Mozilla/4.0 (compatible; MSIE 5.5; Windows 98)"
10.2.3.18 - - [09/Apr/2017:16:04:47 +0900] "GET / HTTP/1.1" 200 854 "-" "Mozilla/4.0 (compatible; MSIE 5.5; Windows 98)"
10.2.3.30 - - [05/Apr/2017:08:49:47 +0900] "GET / HTTP/1.1" 200 854 "-" "Mozilla/4.0 (compatible; MSIE 5.5; Windows 98)"
10.2.3.16 - - [22/Apr/2017:12:27:47 +0900] "GET / HTTP/1.1" 200 854 "-" "Mozilla/4.0 (compatible; MSIE 5.5; Windows 98)"
10.2.3.1 - - [15/Apr/2016:09:04:47 +0900] "GET / HTTP/1.1" 200 854 "-" "Mozilla/4.0 (compatible; MSIE 5.5; Windows 98)"
10.2.3.3 - - [06/Apr/2017:20:30:47 +0900] "GET / HTTP/1.1" 200 854 "-" "Mozilla/4.0 (compatible; MSIE 5.5; Windows 98)"
10.2.3.18 - - [11/Apr/2017:14:11:47 +0900] "GET / HTTP/1.1" 200 854 "-" "Mozilla/4.0 (compatible; MSIE 5.5; Windows 98)"
10.2.3.5 - - [04/Apr/2017:00:15:47 +0900] "GET / HTTP/1.1" 200 854 "-" "Mozilla/4.0 (compatible; MSIE 5.5; Windows 98)"
10.2.3.19 - - [08/Apr/2017:19:27:47 +0900] "GET / HTTP/1.1" 200 854 "-" "Mozilla/4.0 (compatible; MSIE 5.5; Windows 98)"
10.2.3.27 - - [26/Apr/2016:22:38:47 +0900] "GET / HTTP/1.1" 200 854 "-" "Mozilla/4.0 (compatible; MSIE 5.5; Windows 98)"
10.2.3.18 - - [20/Apr/2017:02:05:47 +0900] "GET / HTTP/1.1" 200 854 "-" "Mozilla/4.0 (compatible; MSIE 5.5; Windows 98)"
10.2.3.27 - - [05/Apr/2016:17:29:47 +0900] "GET / HTTP/1.1" 200 854 "-" "Mozilla/4.0 (compatible; MSIE 5.5; Windows 98)"
10.2.3.21 - - [10/Apr/2017:13:52:47 +0900] "GET / HTTP/1.1" 200 854 "-" "Mozilla/4.0 (compatible; MSIE 5.5; Windows 98)"
10.2.3.10 - - [25/Apr/2016:04:49:47 +0900] "GET / HTTP/1.1" 200 854 "-" "Mozilla/4.0 (compatible; MSIE 5.5; Windows 98)"
10.2.3.13 - - [29/Apr/2017:00:13:47 +0900] "GET / HTTP/1.1" 200 854 "-" "Mozilla/4.0 (compatible; MSIE 5.5; Windows 98)"
10.2.3.3 - - [17/Apr/2017:23:07:47 +0900] "GET / HTTP/1.1" 200 854 "-" "Mozilla/4.0 (compatible; MSIE 5.5; Windows 98)"
10.2.3.11 - - [27/Apr/2016:01:04:47 +0900] "GET / HTTP/1.1" 200 854 "-" "Mozilla/4.0 (compatible; MSIE 5.5; Windows 98)"
10.2.3.8 - - [16/Apr/2017:01:03:47 +0900] "GET / HTTP/1.1" 200 854 "-" "Mozilla/4.0 (compatible; MSIE 5.5; Windows 98)"
10.2.3.21 - - [22/Apr/2017:15:06:47 +0900] "GET / HTTP/1.1" 200 854 "-" "Mozilla/4.0 (compatible; MSIE 5.5; Windows 98)"
10.2.3.1 - - [13/Apr/2016:05:46:47 +0900] "GET / HTTP/1.1" 200 854 "-" "Mozilla/4.0 (compatible; MSIE 5.5; Windows 98)"
10.2.3.3 - - [02/Apr/2017:07:27:47 +0900] "GET / HTTP/1.1" 200 854 "-" "Mozilla/4.0 (compatible; MSIE 5.5; Windows 98)"
10.2.3.5 - - [22/Apr/2017:03:37:47 +0900] "GET / HTTP/1.1" 200 854 "-" "Mozilla/4.0 (compatible; MSIE 5.5; Windows 98)"
10.2.3.26 - - [25/Apr/2017:10:10:47 +0900] "GET / HTTP/1.1" 200 854 "-" "Mozilla/4.0 (compatible; MSIE 5.5; Windows 98)"
10.2.3.28 - - [26/Apr/2017:09:13:47 +0900] "GET / HTTP/1.1" 200 854 "-" "Mozilla/4.0 (compatible; MSIE 5.5; Windows 98)"
10.2.3.9 - - [29/Apr/2017:05:18:47 +0900] "GET / HTTP/1.1" 200 854 "-" "Mozilla/4.0 (compatible; MSIE 5.5; Windows 98)"
10.2.3.10 - - [13/Apr/2016:04:28:47 +0900] "GET / HTTP/1.1" 200 854 "-" "Mozilla/4.0 (compatible; MSIE 5.5; Windows 98)"
10.2.3.10 - - [27/Apr/2016:22:39:47 +0900] "GET / HTTP/1.1" 200 854 "-" "Mozilla/4.0 (compatible; MSIE 5.5; Windows 98)"
10.2.3.26 - - [22/Apr/2017:04:22:47 +0900] "GET / HTTP/1.1" 200 854 "-" "Mozilla/4.0 (compatible; MSIE 5.5; Windows 98)"
10.2.3.10 - - [24/Apr/2016:23:23:47 +0900] "GET / HTTP/1.1" 200 854 "-" "Mozilla/4.0 (compatible; MSIE 5.5; Windows 98)"
10.2.3.12 - - [06/Apr/2017:18:46:47 +0900] "GET / HTTP/1.1" 200 854 "-" "Mozilla/4.0 (compatible; MSIE 5.5; Windows 98)"
10.2.3.22 - - [08/Apr/2016:02:38:47 +0900] "GET / HTTP/1.1" 200 854 "-" "Mozilla/4.0 (compatible; MSIE 5.5; Windows 98)"
10.2.3.24 - - [20/Apr/2017:22:05:47 +0900] "GET / HTTP/1.1" 200 854 "-" "Mozilla/4.0 (compatible; MSIE 5.5; Windows 98)"
10.2.3.12 - - [10/Apr/2016:18:50:47 +0900] "GET / HTTP/1.1" 200 854 "-" "Mozilla/4.0 (compatible; MSIE 5.5; Windows 98)"
10.2.3.24 - - [08/Apr/2017:11:01:47 +0900] "GET / HTTP/1.1" 200 854 "-" "Mozilla/4.0 (compatible; MSIE 5.5; Windows 98)"
10.2.3.18 - - [06/Apr/2016:06:46:47 +0900] "GET / HTTP/1.1" 200 854 "-" "Mozilla/4.0 (compatible; MSIE 5.5; Windows 98)"
10.2.3.12 - - [07/Apr/2017:07:59:47 +0900] "GET / HTTP/1.1" 200 854 "-" "Mozilla/4.0 (compatible; MSIE 5.5; Windows 98)"
10.2.3.21 - - [01/Apr/2017:18:15:47 +0900] "GET / HTTP/1.1" 200 854 "-" "Mozilla/4.0 (compatible; MSIE 5.5; Windows 98)"
10.2.3.4 - - [15/Apr/2016:10:59:47 +0900] "GET / HTTP/1.1" 200 854 "-" "Mozilla/4.0 (compatible; MSIE 5.5; Windows 98)"
10.2.3.20 - - [14/Apr/2016:12:32:47 +0900] "GET / HTTP/1.1" 200 854 "-" "Mozilla/4.0 (compatible; MSIE 5.5; Windows 98)"
10.2.3.1 - - [18/Apr/2017:02:38:47 +0900] "GET / HTTP/1.1" 200 854 "-" "Mozilla/4.0 (compatible; MSIE 5.5; Windows 98)"
10.2.3.17 - - [16/Apr/2016:10:44:47 +0900] "GET / HTTP/1.1" 200 854 "-" "Mozilla/4.0 (compatible; MSIE 5.5; Windows 98)"
10.2.3.18 - - [16/Apr/2017:02:04:47 +0900] "GET / HTTP/1.1" 200 854 "-" "Mozilla/4.0 (compatible; MSIE 5.5; Windows 98)"
10.2.3.25 - - [24/Apr/2017:11:35:47 +0900] "GET / HTTP/1.1" 200 854 "-" "Mozilla/4.0 (compatible; MSIE 5.5; Windows 98)"
10.2.3.27 - - [13/Apr/2016:02:26:47 +0900] "GET / HTTP/1.1" 200 854 "-" "Mozilla/4.0 (compatible; MSIE 5.5; Windows 98)"
10.2.3.7 - - [01/Apr/2016:11:10:47 +0900] "GET / HTTP/1.1" 200 854 "-" "Mozilla/4.0 (compatible; MSIE 5.5; Windows 98)"
10.2.3.8 - - [15/Apr/2016:07:47:47 +0900] "GET / HTTP/1.1" 200 854 "-" "Mozilla/4.0 (compatible; MSIE 5.5; Windows 98)"
10.2.3.17 - - [03/Apr/2017:02:43:47 +0900] "GET / HTTP/1.1" 200 854 "-" "Mozilla/4.0 (compatible; MSIE 5.5; Windows 98)"
10.2.3.14 - - [30/Apr/2017:09:00:47 +0900] "GET / HTTP/1.1" 200 854 "-" "Mozilla/4.0 (compatible; MSIE 5.5; Windows 98)"
10.2.3.30 - - [16/Apr/2017:11:52:47 +0900] "GET / HTTP/1.1" 200 854 "-" "Mozilla/4.0 (compatible; MSIE 5.5; Windows 98)"
10.2.3.22 - - [23/Apr/2017:10:31:47 +0900] "GET / HTTP/1.1" 200 854 "-" "Mozilla/4.0 (compatible; MSIE 5.5; Windows 98)"
10.2.3.1 - - [08/Apr/2017:10:28:47 +0900] "GET / HTTP/1.1" 200 854 "-" "Mozilla/4.0 (compatible; MSIE 5.5; Windows 98)"
10.2.3.18 - - [03/Apr/2017:22:15:47 +0900] "GET / HTTP/1.1" 200 854 "-" "Mozilla/4.0 (compatible; MSIE 5.5; Windows 98)"
10.2.3.7 - - [06/Apr/2017:16:10:47 +0900] "GET / HTTP/1.1" 200 854 "-" "Mozilla/4.0 (compatible; MSIE 5.5; Windows 98)"
10.2.3.13 - - [03/Apr/2017:06:26:47 +0900] "GET / HTTP/1.1" 200 854 "-" "Mozilla/4.0 (compatible; MSIE 5.5; Windows 98)"
10.2.3.15 - - [01/Apr/2016:19:36:47 +0900] "GET / HTTP/1.1" 200 854 "-" "Mozilla/4.0 (compatible; MSIE 5.5; Windows 98)"
10.2.3.16 - - [21/Apr/2017:13:39:47 +0900] "GET / HTTP/1.1" 200 854 "-" "Mozilla/4.0 (compatible; MSIE 5.5; Windows 98)"
10.2.3.4 - - [01/Apr/2016:18:08:47 +0900] "GET / HTTP/1.1" 200 854 "-" "Mozilla/4.0 (compatible; MSIE 5.5; Windows 98)"
10.2.3.10 - - [06/Apr/2017:21:55:47 +0900] "GET / HTTP/1.1" 200 854 "-" "Mozilla/4.0 (compatible; MSIE 5.5; Windows 98)"
10.2.3.6 - - [21/Apr/2016:12:43:47 +0900] "GET / HTTP/1.1" 200 854 "-" "Mozilla/4.0 (compatible; MSIE 5.5; Windows 98)"
10.2.3.10 - - [06/Apr/2016:18:10:47 +0900] "GET / HTTP/1.1" 200 854 "-" "Mozilla/4.0 (compatible; MSIE 5.5; Windows 98)"
10.2.3.26 - - [04/Apr/2016:08:38:47 +0900] "GET / HTTP/1.1" 200 854 "-" "Mozilla/4.0 (compatible; MSIE 5.5; Windows 98)"
10.2.3.15 - - [27/Apr/2016:05:29:47 +0900] "GET / HTTP/1.1" 200 854 "-" "Mozilla/4.0 (compatible; MSIE 5.5; Windows 98)"
10.2.3.25 - - [10/Apr/2017:11:26:47 +0900] "GET / HTTP/1.1" 200 854 "-" "Mozilla/4.0 (compatible; MSIE 5.5; Windows 98)"
10.2.3.20 - - [22/Apr/2017:13:53:47 +0900] "GET / HTTP/1.1" 200 854 "-" "Mozilla/4.0 (compatible; MSIE 5.5; Windows 98)"
10.2.3.1 - - [01/Apr/2017:05:02:47 +0900] "GET / HTTP/1.1" 200 854 "-" "Mozilla/4.0 (compatible; MSIE 5.5; Windows 98)"
10.2.3.6 - - [25/Apr/2017:02:17:47 +0900] "GET / HTTP/1.1" 200 854 "-" "Mozilla/4.0 (compatible; MSIE 5.5; Windows 98)"
10.2.3.29 - - [10/Apr/2016:03:12:47 +0900] "GET / HTTP/1.1" 200 854 "-" "Mozilla/4.0 (compatible; MSIE 5.5; Windows 98)"
10.2.3.25 - - [20/Apr/2016:16:36:47 +0900] "GET / HTTP/1.1" 200 854 "-" "Mozilla/4.0 (compatible; MSIE 5.5; Windows 98)"
10.2.3.27 - - [05/Apr/2016:03:02:47 +0900] "GET / HTTP/1.1" 200 854 "-" "Mozilla/4.0 (compatible; MSIE 5.5; Windows 98)"
10.2.3.7 - - [01/Apr/2016:19:34:47 +0900] "GET / HTTP/1.1" 200 854 "-" "Mozilla/4.0 (compatible; MSIE 5.5; Windows 98)"
10.2.3.13 - - [09/Apr/2016:11:50:47 +0900] "GET / HTTP/1.1" 200 854 "-" "Mozilla/4.0 (compatible; MSIE 5.5; Windows 98)"
10.2.3.17 - - [30/Apr/2017:04:46:47 +0900] "GET / HTTP/1.1" 200 854 "-" "Mozilla/4.0 (compatible; MSIE 5.5; Windows 98)"
10.2.3.9 - - [03/Apr/2017:14:48:47 +0900] "GET / HTTP/1.1" 200 854 "-" "Mozilla/4.0 (compatible; MSIE 5.5; Windows 98)"
10.2.3.24 - - [22/Apr/2017:03:08:47 +0900] "GET / HTTP/1.1" 200 854 "-" "Mozilla/4.0 (compatible; MSIE 5.5; Windows 98)"
10.2.3.15 - - [19/Apr/2017:09:40:47 +0900] "GET / HTTP/1.1" 200 854 "-" "Mozilla/4.0 (compatible; MSIE 5.5; Windows 98)"
10.2.3.5 - - [13/Apr/2016:13:06:47 +0900] "GET / HTTP/1.1" 200 854 "-" "Mozilla/4.0 (compatible; MSIE 5.5; Windows 98)"
10.2.3.18 - - [21/Apr/2016:07:40:47 +0900] "GET / HTTP/1.1" 200 854 "-" "Mozilla/4.0 (compatible; MSIE 5.5; Windows 98)"
10.2.3.8 - - [11/Apr/2017:22:58:47 +0900] "GET / HTTP/1.1" 200 854 "-" "Mozilla/4.0 (compatible; MSIE 5.5; Windows 98)"
10.2.3.5 - - [15/Apr/2016:08:21:47 +0900] "GET / HTTP/1.1" 200 854 "-" "Mozilla/4.0 (compatible; MSIE 5.5; Windows 98)"
10.2.3.1 - - [29/Apr/2016:18:12:47 +0900] "GET / HTTP/1.1" 200 854 "-" "Mozilla/4.0 (compatible; MSIE 5.5; Windows 98)"
10.2.3.27 - - [16/Apr/2017:01:57:47 +0900] "GET / HTTP/1.1" 200 854 "-" "Mozilla/4.0 (compatible; MSIE 5.5; Windows 98)"
10.2.3.12 - - [28/Apr/2017:08:55:47 +0900] "GET / HTTP/1.1" 200 854 "-" "Mozilla/4.0 (compatible; MSIE 5.5; Windows 98)"
10.2.3.14 - - [17/Apr/2017:07:21:47 +0900] "GET / HTTP/1.1" 200 854 "-" "Mozilla/4.0 (compatible; MSIE 5.5; Windows 98)"
10.2.3.2 - - [17/Apr/2016:03:18:47 +0900] "GET / HTTP/1.1" 200 854 "-" "Mozilla/4.0 (compatible; MSIE 5.5; Windows 98)"
10.2.3.10 - - [21/Apr/2017:00:33:47 +0900] "GET / HTTP/1.1" 200 854 "-" "Mozilla/4.0 (compatible; MSIE 5.5; Windows 98)"
10.2.3.23 - - [11/Apr/2017:04:33:47 +0900] "GET / HTTP/1.1" 200 854 "-" "Mozilla/4.0 (compatible; MSIE 5.5; Windows 98)"
10.2.3.13 - - [21/Apr/2017:01:53:47 +0900] "GET / HTTP/1.1" 200 854 "-" "Mozilla/4.0 (compatible; MSIE 5.5; Windows 98)"
10.2.3.6 - - [09/Apr/2016:19:31:47 +0900] "GET / HTTP/1.1" 200 854 "-" "Mozilla/4.0 (compatible; MSIE 5.5; Windows 98)"
10.2.3.17 - - [05/Apr/2016:03:25:47 +0900] "GET / HTTP/1.1" 200 854 "-" "Mozilla/4.0 (compatible; MSIE 5.5; Windows 98)"
10.2.3.2 - - [22/Apr/2017:08:40:47 +0900] "GET / HTTP/1.1" 200 854 "-" "Mozilla/4.0 (compatible; MSIE 5.5; Windows 98)"
10.2.3.4 - - [29/Apr/2017:04:33:47 +0900] "GET / HTTP/1.1" 200 854 "-" "Mozilla/4.0 (compatible; MSIE 5.5; Windows 98)"
10.2.3.1 - - [07/Apr/2016:08:15:47 +0900] "GET / HTTP/1.1" 200 854 "-" "Mozilla/4.0 (compatible; MSIE 5.5; Windows 98)"
10.2.3.8 - - [09/Apr/2017:05:25:47 +0900] "GET / HTTP/1.1" 200 854 "-" "Mozilla/4.0 (compatible; MSIE 5.5; Windows 98)"
10.2.3.3 - - [26/Apr/2016:19:58:47 +0900] "GET / HTTP/1.1" 200 854 "-" "Mozilla/4.0 (compatible; MSIE 5.5; Windows 98)"
10.2.3.3 - - [27/Apr/2016:19:42:47 +0900] "GET / HTTP/1.1" 200 854 "-" "Mozilla/4.0 (compatible; MSIE 5.5; Windows 98)"
10.2.3.7 - - [19/Apr/2017:09:42:47 +0900] "GET / HTTP/1.1" 200 854 "-" "Mozilla/4.0 (compatible; MSIE 5.5; Windows 98)"
10.2.3.14 - - [04/Apr/2017:10:21:47 +0900] "GET / HTTP/1.1" 200 854 "-" "Mozilla/4.0 (compatible; MSIE 5.5; Windows 98)"
10.2.3.1 - - [30/Apr/2016:17:38:47 +0900] "GET / HTTP/1.1" 200 854 "-" "Mozilla/4.0 (compatible; MSIE 5.5; Windows 98)"
10.2.3.16 - - [20/Apr/2017:13:47:47 +0900] "GET / HTTP/1.1" 200 854 "-" "Mozilla/4.0 (compatible; MSIE 5.5; Windows 98)"
10.2.3.13 - - [25/Apr/2017:09:04:47 +0900] "GET / HTTP/1.1" 200 854 "-" "Mozilla/4.0 (compatible; MSIE 5.5; Windows 98)"
10.2.3.26 - - [02/Apr/2016:07:53:47 +0900] "GET / HTTP/1.1" 200 854 "-" "Mozilla/4.0 (compatible; MSIE 5.5; Windows 98)"
10.2.3.6 - - [06/Apr/2017:14:44:47 +0900] "GET / HTTP/1.1" 200 854 "-" "Mozilla/4.0 (compatible; MSIE 5.5; Windows 98)"
10.2.3.16 - - [23/Apr/2016:10:13:47 +0900] "GET / HTTP/1.1" 200 854 "-" "Mozilla/4.0 (compatible; MSIE 5.5; Windows 98)"
10.2.3.23 - - [25/Apr/2017:23:33:47 +0900] "GET / HTTP/1.1" 200 854 "-" "Mozilla/4.0 (compatible; MSIE 5.5; Windows 98)"
10.2.3.7 - - [09/Apr/2016:14:59:47 +0900] "GET / HTTP/1.1" 200 854 "-" "Mozilla/4.0 (compatible; MSIE 5.5; Windows 98)"
10.2.3.6 - - [07/Apr/2017:03:32:47 +0900] "GET / HTTP/1.1" 200 854 "-" "Mozilla/4.0 (compatible; MSIE 5.5; Windows 98)"
10.2.3.29 - - [21/Apr/2017:03:23:47 +0900] "GET / HTTP/1.1" 200 854 "-" "Mozilla/4.0 (compatible; MSIE 5.5; Windows 98)"
10.2.3.12 - - [19/Apr/2016:06:31:47 +0900] "GET / HTTP/1.1" 200 854 "-" "Mozilla/4.0 (compatible; MSIE 5.5; Windows 98)"
10.2.3.28 - - [09/Apr/2016:10:07:47 +0900] "GET / HTTP/1.1" 200 854 "-" "Mozilla/4.0 (compatible; MSIE 5.5; Windows 98)"
10.2.3.14 - - [19/Apr/2017:10:57:47 +0900] "GET / HTTP/1.1" 200 854 "-" "Mozilla/4.0 (compatible; MSIE 5.5; Windows 98)"
10.2.3.3 - - [06/Apr/2017:06:27:47 +0900] "GET / HTTP/1.1" 200 854 "-" "Mozilla/4.0 (compatible; MSIE 5.5; Windows 98)"
10.2.3.20 - - [17/Apr/2016:01:54:47 +0900] "GET / HTTP/1.1" 200 854 "-" "Mozilla/4.0 (compatible; MSIE 5.5; Windows 98)"
10.2.3.6 - - [21/Apr/2016:02:36:47 +0900] "GET / HTTP/1.1" 200 854 "-" "Mozilla/4.0 (compatible; MSIE 5.5; Windows 98)"
10.2.3.11 - - [06/Apr/2017:19:34:47 +0900] "GET / HTTP/1.1" 200 854 "-" "Mozilla/4.0 (compatible; MSIE 5.5; Windows 98)"
10.2.3.29 - - [06/Apr/2016:02:36:47 +0900] "GET / HTTP/1.1" 200 854 "-" "Mozilla/4.0 (compatible; MSIE 5.5; Windows 98)"
10.2.3.10 - - [03/Apr/2016:14:08:47 +0900] "GET / HTTP/1.1" 200 854 "-" "Mozilla/4.0 (compatible; MSIE 5.5; Windows 98)"
10.2.3.2 - - [09/Apr/2017:08:31:47 +0900] "GET / HTTP/1.1" 200 854 "-" "Mozilla/4.0 (compatible; MSIE 5.5; Windows 98)"
10.2.3.9 - - [16/Apr/2016:18:23:47 +0900] "GET / HTTP/1.1" 200 854 "-" "Mozilla/4.0 (compatible; MSIE 5.5; Windows 98)"
10.2.3.6 - - [25/Apr/2016:00:18:47 +0900] "GET / HTTP/1.1" 200 854 "-" "Mozilla/4.0 (compatible; MSIE 5.5; Windows 98)"
10.2.3.25 - - [12/Apr/2016:06:08:47 +0900] "GET / HTTP/1.1" 200 854 "-" "Mozilla/4.0 (compatible; MSIE 5.5; Windows 98)"
10.2.3.29 - - [28/Apr/2017:15:39:47 +0900] "GET / HTTP/1.1" 200 854 "-" "Mozilla/4.0 (compatible; MSIE 5.5; Windows 98)"
10.2.3.15 - - [25/Apr/2016:09:51:47 +0900] "GET / HTTP/1.1" 200 854 "-" "Mozilla/4.0 (compatible; MSIE 5.5; Windows 98)"
10.2.3.21 - - [04/Apr/2017:08:03:47 +0900] "GET / HTTP/1.1" 200 854 "-" "Mozilla/4.0 (compatible; MSIE 5.5; Windows 98)"
10.2.3.6 - - [20/Apr/2016:05:58:47 +0900] "GET / HTTP/1.1" 200 854 "-" "Mozilla/4.0 (compatible; MSIE 5.5; Windows 98)"
10.2.3.27 - - [02/Apr/2017:14:45:47 +0900] "GET / HTTP/1.1" 200 854 "-" "Mozilla/4.0 (compatible; MSIE 5.5; Windows 98)"
10.2.3.13 - - [30/Apr/2017:10:37:47 +0900] "GET / HTTP/1.1" 200 854 "-" "Mozilla/4.0 (compatible; MSIE 5.5; Windows 98)"
10.2.3.16 - - [20/Apr/2016:01:38:47 +0900] "GET / HTTP/1.1" 200 854 "-" "Mozilla/4.0 (compatible; MSIE 5.5; Windows 98)"
10.2.3.12 - - [28/Apr/2017:06:08:47 +0900] "GET / HTTP/1.1" 200 854 "-" "Mozilla/4.0 (compatible; MSIE 5.5; Windows 98)"
10.2.3.6 - - [16/Apr/2017:12:14:47 +0900] "GET / HTTP/1.1" 200 854 "-" "Mozilla/4.0 (compatible; MSIE 5.5; Windows 98)"
10.2.3.15 - - [05/Apr/2017:09:09:47 +0900] "GET / HTTP/1.1" 200 854 "-" "Mozilla/4.0 (compatible; MSIE 5.5; Windows 98)"
10.2.3.3 - - [26/Apr/2016:02:36:47 +0900] "GET / HTTP/1.1" 200 854 "-" "Mozilla/4.0 (compatible; MSIE 5.5; Windows 98)"
10.2.3.16 - - [06/Apr/2017:22:14:47 +0900] "GET / HTTP/1.1" 200 854 "-" "Mozilla/4.0 (compatible; MSIE 5.5; Windows 98)"
10.2.3.22 - - [20/Apr/2016:14:26:47 +0900] "GET / HTTP/1.1" 200 854 "-" "Mozilla/4.0 (compatible; MSIE 5.5; Windows 98)"
10.2.3.22 - - [07/Apr/2016:03:50:47 +0900] "GET / HTTP/1.1" 200 854 "-" "Mozilla/4.0 (compatible; MSIE 5.5; Windows 98)"
10.2.3.27 - - [02/Apr/2017:01:37:47 +0900] "GET / HTTP/1.1" 200 854 "-" "Mozilla/4.0 (compatible; MSIE 5.5; Windows 98)"
10.2.3.10 - - [27/Apr/2017:10:36:47 +0900] "GET / HTTP/1.1" 200 854 "-" "Mozilla/4.0 (compatible; MSIE 5.5; Windows 98)"
10.2.3.6 - - [30/Apr/2016:12:39:47 +0900] "GET / HTTP/1.1" 200 854 "-" "Mozilla/4.0 (compatible; MSIE 5.5; Windows 98)"
10.2.3.9 - - [11/Apr/2017:01:06:47 +0900] "GET / HTTP/1.1" 200 854 "-" "Mozilla/4.0 (compatible; MSIE 5.5; Windows 98)"
10.2.3.17 - - [10/Apr/2017:04:24:47 +0900] "GET / HTTP/1.1" 200 854 "-" "Mozilla/4.0 (compatible; MSIE 5.5; Windows 98)"
10.2.3.10 - - [16/Apr/2016:14:18:47 +0900] "GET / HTTP/1.1" 200 854 "-" "Mozilla/4.0 (compatible; MSIE 5.5; Windows 98)"
10.2.3.22 - - [14/Apr/2016:14:47:47 +0900] "GET / HTTP/1.1" 200 854 "-" "Mozilla/4.0 (compatible; MSIE 5.5; Windows 98)"
10.2.3.1 - - [30/Apr/2017:02:24:47 +0900] "GET / HTTP/1.1" 200 854 "-" "Mozilla/4.0 (compatible; MSIE 5.5; Windows 98)"
10.2.3.3 - - [09/Apr/2017:22:26:47 +0900] "GET / HTTP/1.1" 200 854 "-" "Mozilla/4.0 (compatible; MSIE 5.5; Windows 98)"
10.2.3.24 - - [12/Apr/2017:15:44:47 +0900] "GET / HTTP/1.1" 200 854 "-" "Mozilla/4.0 (compatible; MSIE 5.5; Windows 98)"
10.2.3.9 - - [08/Apr/2017:00:44:47 +0900] "GET / HTTP/1.1" 200 854 "-" "Mozilla/4.0 (compatible; MSIE 5.5; Windows 98)"
10.2.3.26 - - [03/Apr/2017:02:00:47 +0900] "GET / HTTP/1.1" 200 854 "-" "Mozilla/4.0 (compatible; MSIE 5.5; Windows 98)"
10.2.3.16 - - [25/Apr/2016:14:30:47 +0900] "GET / HTTP/1.1" 200 854 "-" "Mozilla/4.0 (compatible; MSIE 5.5; Windows 98)"
10.2.3.2 - - [24/Apr/2016:18:11:47 +0900] "GET / HTTP/1.1" 200 854 "-" "Mozilla/4.0 (compatible; MSIE 5.5; Windows 98)"
10.2.3.10 - - [18/Apr/2017:17:31:47 +0900] "GET / HTTP/1.1" 200 854 "-" "Mozilla/4.0 (compatible; MSIE 5.5; Windows 98)"
10.2.3.12 - - [13/Apr/2016:07:25:47 +0900] "GET / HTTP/1.1" 200 854 "-" "Mozilla/4.0 (compatible; MSIE 5.5; Windows 98)"
10.2.3.29 - - [01/Apr/2017:22:42:47 +0900] "GET / HTTP/1.1" 200 854 "-" "Mozilla/4.0 (compatible; MSIE 5.5; Windows 98)"
10.2.3.25 - - [21/Apr/2016:05:44:47 +0900] "GET / HTTP/1.1" 200 854 "-" "Mozilla/4.0 (compatible; MSIE 5.5; Windows 98)"
10.2.3.21 - - [26/Apr/2017:03:58:47 +0900] "GET / HTTP/1.1" 200 854 "-" "Mozilla/4.0 (compatible; MSIE 5.5; Windows 98)"
10.2.3.20 - - [12/Apr/2017:15:24:47 +0900] "GET / HTTP/1.1" 200 854 "-" "Mozilla/4.0 (compatible; MSIE 5.5; Windows 98)"
10.2.3.27 - - [09/Apr/2016:07:06:47 +0900] "GET / HTTP/1.1" 200 854 "-" "Mozilla/4.0 (compatible; MSIE 5.5; Windows 98)"
10.2.3.29 - - [29/Apr/2017:23:42:47 +0900] "GET / HTTP/1.1" 200 854 "-" "Mozilla/4.0 (compatible; MSIE 5.5; Windows 98)"
10.2.3.17 - - [29/Apr/2017:07:21:47 +0900] "GET / HTTP/1.1" 200 854 "-" "Mozilla/4.0 (compatible; MSIE 5.5; Windows 98)"
10.2.3.24 - - [06/Apr/2016:23:52:47 +0900] "GET / HTTP/1.1" 200 854 "-" "Mozilla/4.0 (compatible; MSIE 5.5; Windows 98)"
10.2.3.14 - - [30/Apr/2016:09:39:47 +0900] "GET / HTTP/1.1" 200 854 "-" "Mozilla/4.0 (compatible; MSIE 5.5; Windows 98)"
10.2.3.6 - - [03/Apr/2016:08:02:47 +0900] "GET / HTTP/1.1" 200 854 "-" "Mozilla/4.0 (compatible; MSIE 5.5; Windows 98)"
10.2.3.21 - - [09/Apr/2017:06:41:47 +0900] "GET / HTTP/1.1" 200 854 "-" "Mozilla/4.0 (compatible; MSIE 5.5; Windows 98)"
10.2.3.8 - - [28/Apr/2017:06:59:47 +0900] "GET / HTTP/1.1" 200 854 "-" "Mozilla/4.0 (compatible; MSIE 5.5; Windows 98)"
10.2.3.30 - - [16/Apr/2017:15:41:47 +0900] "GET / HTTP/1.1" 200 854 "-" "Mozilla/4.0 (compatible; MSIE 5.5; Windows 98)"
10.2.3.12 - - [24/Apr/2016:06:00:47 +0900] "GET / HTTP/1.1" 200 854 "-" "Mozilla/4.0 (compatible; MSIE 5.5; Windows 98)"
10.2.3.4 - - [11/Apr/2016:23:16:47 +0900] "GET / HTTP/1.1" 200 854 "-" "Mozilla/4.0 (compatible; MSIE 5.5; Windows 98)"
10.2.3.20 - - [23/Apr/2016:04:18:47 +0900] "GET / HTTP/1.1" 200 854 "-" "Mozilla/4.0 (compatible; MSIE 5.5; Windows 98)"
10.2.3.26 - - [07/Apr/2017:15:53:47 +0900] "GET / HTTP/1.1" 200 854 "-" "Mozilla/4.0 (compatible; MSIE 5.5; Windows 98)"
10.2.3.28 - - [23/Apr/2017:14:46:47 +0900] "GET / HTTP/1.1" 200 854 "-" "Mozilla/4.0 (compatible; MSIE 5.5; Windows 98)"
10.2.3.26 - - [10/Apr/2016:22:54:47 +0900] "GET / HTTP/1.1" 200 854 "-" "Mozilla/4.0 (compatible; MSIE 5.5; Windows 98)"
10.2.3.20 - - [14/Apr/2017:16:31:47 +0900] "GET / HTTP/1.1" 200 854 "-" "Mozilla/4.0 (compatible; MSIE 5.5; Windows 98)"
10.2.3.29 - - [27/Apr/2016:14:20:47 +0900] "GET / HTTP/1.1" 200 854 "-" "Mozilla/4.0 (compatible; MSIE 5.5; Windows 98)"
10.2.3.29 - - [05/Apr/2017:03:38:47 +0900] "GET / HTTP/1.1" 200 854 "-" "Mozilla/4.0 (compatible; MSIE 5.5; Windows 98)"
10.2.3.23 - - [03/Apr/2016:17:06:47 +0900] "GET / HTTP/1.1" 200 854 "-" "Mozilla/4.0 (compatible; MSIE 5.5; Windows 98)"
10.2.3.3 - - [16/Apr/2017:06:59:47 +0900] "GET / HTTP/1.1" 200 854 "-" "Mozilla/4.0 (compatible; MSIE 5.5; Windows 98)"
10.2.3.8 - - [17/Apr/2017:09:09:47 +0900] "GET / HTTP/1.1" 200 854 "-" "Mozilla/4.0 (compatible; MSIE 5.5; Windows 98)"
10.2.3.3 - - [07/Apr/2016:11:19:47 +0900] "GET / HTTP/1.1" 200 854 "-" "Mozilla/4.0 (compatible; MSIE 5.5; Windows 98)"
10.2.3.4 - - [13/Apr/2016:15:50:47 +0900] "GET / HTTP/1.1" 200 854 "-" "Mozilla/4.0 (compatible; MSIE 5.5; Windows 98)"
10.2.3.22 - - [25/Apr/2016:19:10:47 +0900] "GET / HTTP/1.1" 200 854 "-" "Mozilla/4.0 (compatible; MSIE 5.5; Windows 98)"
10.2.3.24 - - [24/Apr/2017:08:32:47 +0900] "GET / HTTP/1.1" 200 854 "-" "Mozilla/4.0 (compatible; MSIE 5.5; Windows 98)"
10.2.3.18 - - [30/Apr/2017:14:16:47 +0900] "GET / HTTP/1.1" 200 854 "-" "Mozilla/4.0 (compatible; MSIE 5.5; Windows 98)"
10.2.3.13 - - [06/Apr/2016:13:12:47 +0900] "GET / HTTP/1.1" 200 854 "-" "Mozilla/4.0 (compatible; MSIE 5.5; Windows 98)"
10.2.3.25 - - [07/Apr/2016:03:08:47 +0900] "GET / HTTP/1.1" 200 854 "-" "Mozilla/4.0 (compatible; MSIE 5.5; Windows 98)"
10.2.3.17 - - [12/Apr/2016:02:29:47 +0900] "GET / HTTP/1.1" 200 854 "-" "Mozilla/4.0 (compatible; MSIE 5.5; Windows 98)"
10.2.3.19 - - [27/Apr/2016:19:08:47 +0900] "GET / HTTP/1.1" 200 854 "-" "Mozilla/4.0 (compatible; MSIE 5.5; Windows 98)"
10.2.3.20 - - [20/Apr/2016:01:47:47 +0900] "GET / HTTP/1.1" 200 854 "-" "Mozilla/4.0 (compatible; MSIE 5.5; Windows 98)"
10.2.3.15 - - [03/Apr/2017:10:59:47 +0900] "GET / HTTP/1.1" 200 854 "-" "Mozilla/4.0 (compatible; MSIE 5.5; Windows 98)"
10.2.3.12 - - [20/Apr/2017:19:05:47 +0900] "GET / HTTP/1.1" 200 854 "-" "Mozilla/4.0 (compatible; MSIE 5.5; Windows 98)"
10.2.3.14 - - [21/Apr/2017:07:27:47 +0900] "GET / HTTP/1.1" 200 854 "-" "Mozilla/4.0 (compatible; MSIE 5.5; Windows 98)"
10.2.3.22 - - [07/Apr/2017:01:33:47 +0900] "GET / HTTP/1.1" 200 854 "-" "Mozilla/4.0 (compatible; MSIE 5.5; Windows 98)"
10.2.3.23 - - [18/Apr/2016:20:18:47 +0900] "GET / HTTP/1.1" 200 854 "-" "Mozilla/4.0 (compatible; MSIE 5.5; Windows 98)"
10.2.3.1 - - [14/Apr/2017:06:54:47 +0900] "GET / HTTP/1.1" 200 854 "-" "Mozilla/4.0 (compatible; MSIE 5.5; Windows 98)"
10.2.3.4 - - [11/Apr/2017:09:32:47 +0900] "GET / HTTP/1.1" 200 854 "-" "Mozilla/4.0 (compatible; MSIE 5.5; Windows 98)"
10.2.3.2 - - [18/Apr/2016:22:15:47 +0900] "GET / HTTP/1.1" 200 854 "-" "Mozilla/4.0 (compatible; MSIE 5.5; Windows 98)"
10.2.3.7 - - [28/Apr/2017:15:41:47 +0900] "GET / HTTP/1.1" 200 854 "-" "Mozilla/4.0 (compatible; MSIE 5.5; Windows 98)"
10.2.3.18 - - [08/Apr/2016:18:24:47 +0900] "GET / HTTP/1.1" 200 854 "-" "Mozilla/4.0 (compatible; MSIE 5.5; Windows 98)"
10.2.3.27 - - [29/Apr/2017:15:46:47 +0900] "GET / HTTP/1.1" 200 854 "-" "Mozilla/4.0 (compatible; MSIE 5.5; Windows 98)"
10.2.3.26 - - [05/Apr/2017:22:55:47 +0900] "GET / HTTP/1.1" 200 854 "-" "Mozilla/4.0 (compatible; MSIE 5.5; Windows 98)"
10.2.3.11 - - [07/Apr/2016:06:47:47 +0900] "GET / HTTP/1.1" 200 854 "-" "Mozilla/4.0 (compatible; MSIE 5.5; Windows 98)"
10.2.3.10 - - [24/Apr/2016:20:30:47 +0900] "GET / HTTP/1.1" 200 854 "-" "Mozilla/4.0 (compatible; MSIE 5.5; Windows 98)"
10.2.3.17 - - [07/Apr/2016:22:41:47 +0900] "GET / HTTP/1.1" 200 854 "-" "Mozilla/4.0 (compatible; MSIE 5.5; Windows 98)"
10.2.3.1 - - [28/Apr/2016:13:01:47 +0900] "GET / HTTP/1.1" 200 854 "-" "Mozilla/4.0 (compatible; MSIE 5.5; Windows 98)"
10.2.3.10 - - [19/Apr/2017:18:28:47 +0900] "GET / HTTP/1.1" 200 854 "-" "Mozilla/4.0 (compatible; MSIE 5.5; Windows 98)"
10.2.3.23 - - [30/Apr/2016:15:08:47 +0900] "GET / HTTP/1.1" 200 854 "-" "Mozilla/4.0 (compatible; MSIE 5.5; Windows 98)"
10.2.3.2 - - [18/Apr/2016:09:07:47 +0900] "GET / HTTP/1.1" 200 854 "-" "Mozilla/4.0 (compatible; MSIE 5.5; Windows 98)"
10.2.3.27 - - [24/Apr/2016:11:50:47 +0900] "GET / HTTP/1.1" 200 854 "-" "Mozilla/4.0 (compatible; MSIE 5.5; Windows 98)"
10.2.3.18 - - [22/Apr/2016:09:43:47 +0900] "GET / HTTP/1.1" 200 854 "-" "Mozilla/4.0 (compatible; MSIE 5.5; Windows 98)"
10.2.3.18 - - [10/Apr/2017:15:36:47 +0900] "GET / HTTP/1.1" 200 854 "-" "Mozilla/4.0 (compatible; MSIE 5.5; Windows 98)"
10.2.3.12 - - [16/Apr/2016:02:21:47 +0900] "GET / HTTP/1.1" 200 854 "-" "Mozilla/4.0 (compatible; MSIE 5.5; Windows 98)"
10.2.3.12 - - [28/Apr/2017:09:45:47 +0900] "GET / HTTP/1.1" 200 854 "-" "Mozilla/4.0 (compatible; MSIE 5.5; Windows 98)"
10.2.3.1 - - [21/Apr/2016:01:45:47 +0900] "GET / HTTP/1.1" 200 854 "-" "Mozilla/4.0 (compatible; MSIE 5.5; Windows 98)"
10.2.3.19 - - [29/Apr/2017:15:56:47 +0900] "GET / HTTP/1.1" 200 854 "-" "Mozilla/4.0 (compatible; MSIE 5.5; Windows 98)"
10.2.3.15 - - [08/Apr/2016:20:20:47 +0900] "GET / HTTP/1.1" 200 854 "-" "Mozilla/4.0 (compatible; MSIE 5.5; Windows 98)"
10.2.3.22 - - [05/Apr/2017:15:13:47 +0900] "GET / HTTP/1.1" 200 854 "-" "Mozilla/4.0 (compatible; MSIE 5.5; Windows 98)"
10.2.3.23 - - [08/Apr/2017:15:09:47 +0900] "GET / HTTP/1.1" 200 854 "-" "Mozilla/4.0 (compatible; MSIE 5.5; Windows 98)"
10.2.3.30 - - [08/Apr/2016:22:59:47 +0900] "GET / HTTP/1.1" 200 854 "-" "Mozilla/4.0 (compatible; MSIE 5.5; Windows 98)"
10.2.3.28 - - [30/Apr/2017:12:26:47 +0900] "GET / HTTP/1.1" 200 854 "-" "Mozilla/4.0 (compatible; MSIE 5.5; Windows 98)"
10.2.3.5 - - [25/Apr/2017:15:35:47 +0900] "GET / HTTP/1.1" 200 854 "-" "Mozilla/4.0 (compatible; MSIE 5.5; Windows 98)"
10.2.3.15 - - [11/Apr/2016:08:15:47 +0900] "GET / HTTP/1.1" 200 854 "-" "Mozilla/4.0 (compatible; MSIE 5.5; Windows 98)"
10.2.3.19 - - [21/Apr/2016:07:15:47 +0900] "GET / HTTP/1.1" 200 854 "-" "Mozilla/4.0 (compatible; MSIE 5.5; Windows 98)"
10.2.3.30 - - [22/Apr/2016:22:26:47 +0900] "GET / HTTP/1.1" 200 854 "-" "Mozilla/4.0 (compatible; MSIE 5.5; Windows 98)"
10.2.3.8 - - [02/Apr/2017:20:05:47 +0900] "GET / HTTP/1.1" 200 854 "-" "Mozilla/4.0 (compatible; MSIE 5.5; Windows 98)"
10.2.3.21 - - [04/Apr/2017:09:51:47 +0900] "GET / HTTP/1.1" 200 854 "-" "Mozilla/4.0 (compatible; MSIE 5.5; Windows 98)"
10.2.3.25 - - [23/Apr/2017:02:17:47 +0900] "GET / HTTP/1.1" 200 854 "-" "Mozilla/4.0 (compatible; MSIE 5.5; Windows 98)"
10.2.3.5 - - [21/Apr/2017:00:59:47 +0900] "GET / HTTP/1.1" 200 854 "-" "Mozilla/4.0 (compatible; MSIE 5.5; Windows 98)"
10.2.3.10 - - [28/Apr/2017:04:36:47 +0900] "GET / HTTP/1.1" 200 854 "-" "Mozilla/4.0 (compatible; MSIE 5.5; Windows 98)"
10.2.3.6 - - [09/Apr/2016:05:27:47 +0900] "GET / HTTP/1.1" 200 854 "-" "Mozilla/4.0 (compatible; MSIE 5.5; Windows 98)"
10.2.3.2 - - [01/Apr/2016:07:32:47 +0900] "GET / HTTP/1.1" 200 854 "-" "Mozilla/4.0 (compatible; MSIE 5.5; Windows 98)"
10.2.3.24 - - [22/Apr/2017:06:14:47 +0900] "GET / HTTP/1.1" 200 854 "-" "Mozilla/4.0 (compatible; MSIE 5.5; Windows 98)"
10.2.3.17 - - [15/Apr/2017:23:55:47 +0900] "GET / HTTP/1.1" 200 854 "-" "Mozilla/4.0 (compatible; MSIE 5.5; Windows 98)"
10.2.3.8 - - [09/Apr/2017:16:24:47 +0900] "GET / HTTP/1.1" 200 854 "-" "Mozilla/4.0 (compatible; MSIE 5.5; Windows 98)"
10.2.3.16 - - [07/Apr/2017:09:03:47 +0900] "GET / HTTP/1.1" 200 854 "-" "Mozilla/4.0 (compatible; MSIE 5.5; Windows 98)"
10.2.3.23 - - [15/Apr/2016:02:07:47 +0900] "GET / HTTP/1.1" 200 854 "-" "Mozilla/4.0 (compatible; MSIE 5.5; Windows 98)"
10.2.3.28 - - [17/Apr/2017:06:24:47 +0900] "GET / HTTP/1.1" 200 854 "-" "Mozilla/4.0 (compatible; MSIE 5.5; Windows 98)"
10.2.3.1 - - [04/Apr/2016:18:45:47 +0900] "GET / HTTP/1.1" 200 854 "-" "Mozilla/4.0 (compatible; MSIE 5.5; Windows 98)"
10.2.3.18 - - [30/Apr/2016:04:01:47 +0900] "GET / HTTP/1.1" 200 854 "-" "Mozilla/4.0 (compatible; MSIE 5.5; Windows 98)"
10.2.3.3 - - [09/Apr/2016:03:42:47 +0900] "GET / HTTP/1.1" 200 854 "-" "Mozilla/4.0 (compatible; MSIE 5.5; Windows 98)"
10.2.3.21 - - [26/Apr/2016:01:06:47 +0900] "GET / HTTP/1.1" 200 854 "-" "Mozilla/4.0 (compatible; MSIE 5.5; Windows 98)"
10.2.3.20 - - [08/Apr/2017:15:18:47 +0900] "GET / HTTP/1.1" 200 854 "-" "Mozilla/4.0 (compatible; MSIE 5.5; Windows 98)"
10.2.3.1 - - [01/Apr/2016:11:10:47 +0900] "GET / HTTP/1.1" 200 854 "-" "Mozilla/4.0 (compatible; MSIE 5.5; Windows 98)"
10.2.3.27 - - [04/Apr/2016:18:12:47 +0900] "GET / HTTP/1.1" 200 854 "-" "Mozilla/4.0 (compatible; MSIE 5.5; Windows 98)"
10.2.3.6 - - [19/Apr/2017:07:28:47 +0900] "GET / HTTP/1.1" 200 854 "-" "Mozilla/4.0 (compatible; MSIE 5.5; Windows 98)"
10.2.3.20 - - [21/Apr/2017:14:47:47 +0900] "GET / HTTP/1.1" 200 854 "-" "Mozilla/4.0 (compatible; MSIE 5.5; Windows 98)"
10.2.3.24 - - [18/Apr/2017:10:14:47 +0900] "GET / HTTP/1.1" 200 854 "-" "Mozilla/4.0 (compatible; MSIE 5.5; Windows 98)"
10.2.3.2 - - [19/Apr/2016:09:11:47 +0900] "GET / HTTP/1.1" 200 854 "-" "Mozilla/4.0 (compatible; MSIE 5.5; Windows 98)"
10.2.3.15 - - [24/Apr/2016:05:00:47 +0900] "GET / HTTP/1.1" 200 854 "-" "Mozilla/4.0 (compatible; MSIE 5.5; Windows 98)"
10.2.3.27 - - [13/Apr/2016:21:12:47 +0900] "GET / HTTP/1.1" 200 854 "-" "Mozilla/4.0 (compatible; MSIE 5.5; Windows 98)"
10.2.3.19 - - [19/Apr/2016:01:54:47 +0900] "GET / HTTP/1.1" 200 854 "-" "Mozilla/4.0 (compatible; MSIE 5.5; Windows 98)"
10.2.3.20 - - [13/Apr/2017:07:33:47 +0900] "GET / HTTP/1.1" 200 854 "-" "Mozilla/4.0 (compatible; MSIE 5.5; Windows 98)"
10.2.3.2 - - [05/Apr/2017:18:15:47 +0900] "GET / HTTP/1.1" 200 854 "-" "Mozilla/4.0 (compatible; MSIE 5.5; Windows 98)"
10.2.3.1 - - [01/Apr/2016:08:14:47 +0900] "GET / HTTP/1.1" 200 854 "-" "Mozilla/4.0 (compatible; MSIE 5.5; Windows 98)"
10.2.3.14 - - [12/Apr/2017:04:04:47 +0900] "GET / HTTP/1.1" 200 854 "-" "Mozilla/4.0 (compatible; MSIE 5.5; Windows 98)"
10.2.3.5 - - [14/Apr/2017:16:21:47 +0900] "GET / HTTP/1.1" 200 854 "-" "Mozilla/4.0 (compatible; MSIE 5.5; Windows 98)"
10.2.3.7 - - [01/Apr/2016:00:11:47 +0900] "GET / HTTP/1.1" 200 854 "-" "Mozilla/4.0 (compatible; MSIE 5.5; Windows 98)"
10.2.3.18 - - [30/Apr/2016:14:19:47 +0900] "GET / HTTP/1.1" 200 854 "-" "Mozilla/4.0 (compatible; MSIE 5.5; Windows 98)"
10.2.3.20 - - [23/Apr/2016:22:42:47 +0900] "GET / HTTP/1.1" 200 854 "-" "Mozilla/4.0 (compatible; MSIE 5.5; Windows 98)"
10.2.3.9 - - [27/Apr/2016:21:06:47 +0900] "GET / HTTP/1.1" 200 854 "-" "Mozilla/4.0 (compatible; MSIE 5.5; Windows 98)"
10.2.3.11 - - [24/Apr/2016:19:39:47 +0900] "GET / HTTP/1.1" 200 854 "-" "Mozilla/4.0 (compatible; MSIE 5.5; Windows 98)"
10.2.3.26 - - [17/Apr/2016:07:34:47 +0900] "GET / HTTP/1.1" 200 854 "-" "Mozilla/4.0 (compatible; MSIE 5.5; Windows 98)"
10.2.3.2 - - [11/Apr/2017:13:31:47 +0900] "GET / HTTP/1.1" 200 854 "-" "Mozilla/4.0 (compatible; MSIE 5.5; Windows 98)"
10.2.3.7 - - [06/Apr/2016:14:15:47 +0900] "GET / HTTP/1.1" 200 854 "-" "Mozilla/4.0 (compatible; MSIE 5.5; Windows 98)"
10.2.3.5 - - [04/Apr/2017:05:13:47 +0900] "GET / HTTP/1.1" 200 854 "-" "Mozilla/4.0 (compatible; MSIE 5.5; Windows 98)"
10.2.3.5 - - [09/Apr/2017:09:46:47 +0900] "GET / HTTP/1.1" 200 854 "-" "Mozilla/4.0 (compatible; MSIE 5.5; Windows 98)"
10.2.3.20 - - [27/Apr/2016:09:44:47 +0900] "GET / HTTP/1.1" 200 854 "-" "Mozilla/4.0 (compatible; MSIE 5.5; Windows 98)"
10.2.3.5 - - [28/Apr/2017:12:52:47 +0900] "GET / HTTP/1.1" 200 854 "-" "Mozilla/4.0 (compatible; MSIE 5.5; Windows 98)"
10.2.3.13 - - [26/Apr/2016:17:24:47 +0900] "GET / HTTP/1.1" 200 854 "-" "Mozilla/4.0 (compatible; MSIE 5.5; Windows 98)"
10.2.3.10 - - [24/Apr/2016:21:43:47 +0900] "GET / HTTP/1.1" 200 854 "-" "Mozilla/4.0 (compatible; MSIE 5.5; Windows 98)"
10.2.3.30 - - [03/Apr/2017:10:02:47 +0900] "GET / HTTP/1.1" 200 854 "-" "Mozilla/4.0 (compatible; MSIE 5.5; Windows 98)"
10.2.3.2 - - [06/Apr/2017:19:13:47 +0900] "GET / HTTP/1.1" 200 854 "-" "Mozilla/4.0 (compatible; MSIE 5.5; Windows 98)"
10.2.3.5 - - [18/Apr/2016:14:08:47 +0900] "GET / HTTP/1.1" 200 854 "-" "Mozilla/4.0 (compatible; MSIE 5.5; Windows 98)"
10.2.3.12 - - [30/Apr/2016:19:37:47 +0900] "GET / HTTP/1.1" 200 854 "-" "Mozilla/4.0 (compatible; MSIE 5.5; Windows 98)"
10.2.3.5 - - [01/Apr/2016:10:20:47 +0900] "GET / HTTP/1.1" 200 854 "-" "Mozilla/4.0 (compatible; MSIE 5.5; Windows 98)"
10.2.3.27 - - [28/Apr/2016:20:33:47 +0900] "GET / HTTP/1.1" 200 854 "-" "Mozilla/4.0 (compatible; MSIE 5.5; Windows 98)"
10.2.3.24 - - [27/Apr/2016:01:41:47 +0900] "GET / HTTP/1.1" 200 854 "-" "Mozilla/4.0 (compatible; MSIE 5.5; Windows 98)"
10.2.3.19 - - [27/Apr/2016:02:14:47 +0900] "GET / HTTP/1.1" 200 854 "-" "Mozilla/4.0 (compatible; MSIE 5.5; Windows 98)"
10.2.3.27 - - [30/Apr/2016:08:21:47 +0900] "GET / HTTP/1.1" 200 854 "-" "Mozilla/4.0 (compatible; MSIE 5.5; Windows 98)"
10.2.3.3 - - [27/Apr/2017:19:25:47 +0900] "GET / HTTP/1.1" 200 854 "-" "Mozilla/4.0 (compatible; MSIE 5.5; Windows 98)"
10.2.3.26 - - [09/Apr/2017:11:20:47 +0900] "GET / HTTP/1.1" 200 854 "-" "Mozilla/4.0 (compatible; MSIE 5.5; Windows 98)"
10.2.3.25 - - [17/Apr/2017:22:24:47 +0900] "GET / HTTP/1.1" 200 854 "-" "Mozilla/4.0 (compatible; MSIE 5.5; Windows 98)"
10.2.3.4 - - [09/Apr/2016:01:02:47 +0900] "GET / HTTP/1.1" 200 854 "-" "Mozilla/4.0 (compatible; MSIE 5.5; Windows 98)"
10.2.3.22 - - [27/Apr/2016:04:41:47 +0900] "GET / HTTP/1.1" 200 854 "-" "Mozilla/4.0 (compatible; MSIE 5.5; Windows 98)"
10.2.3.12 - - [24/Apr/2016:15:51:47 +0900] "GET / HTTP/1.1" 200 854 "-" "Mozilla/4.0 (compatible; MSIE 5.5; Windows 98)"
10.2.3.5 - - [03/Apr/2017:13:33:47 +0900] "GET / HTTP/1.1" 200 854 "-" "Mozilla/4.0 (compatible; MSIE 5.5; Windows 98)"
10.2.3.29 - - [27/Apr/2016:05:25:47 +0900] "GET / HTTP/1.1" 200 854 "-" "Mozilla/4.0 (compatible; MSIE 5.5; Windows 98)"
10.2.3.6 - - [06/Apr/2016:04:58:47 +0900] "GET / HTTP/1.1" 200 854 "-" "Mozilla/4.0 (compatible; MSIE 5.5; Windows 98)"
10.2.3.12 - - [25/Apr/2016:23:27:47 +0900] "GET / HTTP/1.1" 200 854 "-" "Mozilla/4.0 (compatible; MSIE 5.5; Windows 98)"
10.2.3.11 - - [25/Apr/2017:06:12:47 +0900] "GET / HTTP/1.1" 200 854 "-" "Mozilla/4.0 (compatible; MSIE 5.5; Windows 98)"
10.2.3.27 - - [09/Apr/2017:04:23:47 +0900] "GET / HTTP/1.1" 200 854 "-" "Mozilla/4.0 (compatible; MSIE 5.5; Windows 98)"
10.2.3.1 - - [29/Apr/2016:04:23:47 +0900] "GET / HTTP/1.1" 200 854 "-" "Mozilla/4.0 (compatible; MSIE 5.5; Windows 98)"
10.2.3.13 - - [20/Apr/2017:11:22:47 +0900] "GET / HTTP/1.1" 200 854 "-" "Mozilla/4.0 (compatible; MSIE 5.5; Windows 98)"
10.2.3.14 - - [13/Apr/2016:18:11:47 +0900] "GET / HTTP/1.1" 200 854 "-" "Mozilla/4.0 (compatible; MSIE 5.5; Windows 98)"
10.2.3.18 - - [09/Apr/2017:21:23:47 +0900] "GET / HTTP/1.1" 200 854 "-" "Mozilla/4.0 (compatible; MSIE 5.5; Windows 98)"
10.2.3.21 - - [10/Apr/2017:22:06:47 +0900] "GET / HTTP/1.1" 200 854 "-" "Mozilla/4.0 (compatible; MSIE 5.5; Windows 98)"
10.2.3.26 - - [27/Apr/2016:18:05:47 +0900] "GET / HTTP/1.1" 200 854 "-" "Mozilla/4.0 (compatible; MSIE 5.5; Windows 98)"
10.2.3.17 - - [29/Apr/2017:08:21:47 +0900] "GET / HTTP/1.1" 200 854 "-" "Mozilla/4.0 (compatible; MSIE 5.5; Windows 98)"
10.2.3.3 - - [27/Apr/2017:00:15:47 +0900] "GET / HTTP/1.1" 200 854 "-" "Mozilla/4.0 (compatible; MSIE 5.5; Windows 98)"
10.2.3.12 - - [23/Apr/2016:22:52:47 +0900] "GET / HTTP/1.1" 200 854 "-" "Mozilla/4.0 (compatible; MSIE 5.5; Windows 98)"
10.2.3.24 - - [10/Apr/2016:19:03:47 +0900] "GET / HTTP/1.1" 200 854 "-" "Mozilla/4.0 (compatible; MSIE 5.5; Windows 98)"
10.2.3.23 - - [24/Apr/2016:21:40:47 +0900] "GET / HTTP/1.1" 200 854 "-" "Mozilla/4.0 (compatible; MSIE 5.5; Windows 98)"
10.2.3.19 - - [07/Apr/2017:02:07:47 +0900] "GET / HTTP/1.1" 200 854 "-" "Mozilla/4.0 (compatible; MSIE 5.5; Windows 98)"
10.2.3.5 - - [29/Apr/2016:12:57:47 +0900] "GET / HTTP/1.1" 200 854 "-" "Mozilla/4.0 (compatible; MSIE 5.5; Windows 98)"
10.2.3.28 - - [26/Apr/2016:08:43:47 +0900] "GET / HTTP/1.1" 200 854 "-" "Mozilla/4.0 (compatible; MSIE 5.5; Windows 98)"
10.2.3.20 - - [06/Apr/2017:02:01:47 +0900] "GET / HTTP/1.1" 200 854 "-" "Mozilla/4.0 (compatible; MSIE 5.5; Windows 98)"
10.2.3.19 - - [30/Apr/2016:13:09:47 +0900] "GET / HTTP/1.1" 200 854 "-" "Mozilla/4.0 (compatible; MSIE 5.5; Windows 98)"
10.2.3.29 - - [20/Apr/2016:18:43:47 +0900] "GET / HTTP/1.1" 200 854 "-" "Mozilla/4.0 (compatible; MSIE 5.5; Windows 98)"
10.2.3.17 - - [23/Apr/2017:05:09:47 +0900] "GET / HTTP/1.1" 200 854 "-" "Mozilla/4.0 (compatible; MSIE 5.5; Windows 98)"
10.2.3.15 - - [12/Apr/2016:13:20:47 +0900] "GET / HTTP/1.1" 200 854 "-" "Mozilla/4.0 (compatible; MSIE 5.5; Windows 98)"
10.2.3.9 - - [04/Apr/2016:23:42:47 +0900] "GET / HTTP/1.1" 200 854 "-" "Mozilla/4.0 (compatible; MSIE 5.5; Windows 98)"
10.2.3.6 - - [15/Apr/2017:19:08:47 +0900] "GET / HTTP/1.1" 200 854 "-" "Mozilla/4.0 (compatible; MSIE 5.5; Windows 98)"
10.2.3.9 - - [01/Apr/2017:20:54:47 +0900] "GET / HTTP/1.1" 200 854 "-" "Mozilla/4.0 (compatible; MSIE 5.5; Windows 98)"
10.2.3.21 - - [26/Apr/2017:07:55:47 +0900] "GET / HTTP/1.1" 200 854 "-" "Mozilla/4.0 (compatible; MSIE 5.5; Windows 98)"
10.2.3.7 - - [13/Apr/2017:00:24:47 +0900] "GET / HTTP/1.1" 200 854 "-" "Mozilla/4.0 (compatible; MSIE 5.5; Windows 98)"
10.2.3.14 - - [22/Apr/2017:16:46:47 +0900] "GET / HTTP/1.1" 200 854 "-" "Mozilla/4.0 (compatible; MSIE 5.5; Windows 98)"
10.2.3.11 - - [03/Apr/2017:19:45:47 +0900] "GET / HTTP/1.1" 200 854 "-" "Mozilla/4.0 (compatible; MSIE 5.5; Windows 98)"
10.2.3.4 - - [21/Apr/2016:00:48:47 +0900] "GET / HTTP/1.1" 200 854 "-" "Mozilla/4.0 (compatible; MSIE 5.5; Windows 98)"
10.2.3.17 - - [08/Apr/2017:14:45:47 +0900] "GET / HTTP/1.1" 200 854 "-" "Mozilla/4.0 (compatible; MSIE 5.5; Windows 98)"
10.2.3.14 - - [17/Apr/2017:14:19:47 +0900] "GET / HTTP/1.1" 200 854 "-" "Mozilla/4.0 (compatible; MSIE 5.5; Windows 98)"
10.2.3.27 - - [30/Apr/2017:10:46:47 +0900] "GET / HTTP/1.1" 200 854 "-" "Mozilla/4.0 (compatible; MSIE 5.5; Windows 98)"
10.2.3.26 - - [11/Apr/2016:21:36:47 +0900] "GET / HTTP/1.1" 200 854 "-" "Mozilla/4.0 (compatible; MSIE 5.5; Windows 98)"
10.2.3.7 - - [08/Apr/2017:07:17:47 +0900] "GET / HTTP/1.1" 200 854 "-" "Mozilla/4.0 (compatible; MSIE 5.5; Windows 98)"
10.2.3.22 - - [21/Apr/2016:14:02:47 +0900] "GET / HTTP/1.1" 200 854 "-" "Mozilla/4.0 (compatible; MSIE 5.5; Windows 98)"
10.2.3.28 - - [06/Apr/2016:08:59:47 +0900] "GET / HTTP/1.1" 200 854 "-" "Mozilla/4.0 (compatible; MSIE 5.5; Windows 98)"
10.2.3.26 - - [17/Apr/2016:10:13:47 +0900] "GET / HTTP/1.1" 200 854 "-" "Mozilla/4.0 (compatible; MSIE 5.5; Windows 98)"
10.2.3.24 - - [07/Apr/2017:04:03:47 +0900] "GET / HTTP/1.1" 200 854 "-" "Mozilla/4.0 (compatible; MSIE 5.5; Windows 98)"
10.2.3.6 - - [24/Apr/2016:01:24:47 +0900] "GET / HTTP/1.1" 200 854 "-" "Mozilla/4.0 (compatible; MSIE 5.5; Windows 98)"
10.2.3.15 - - [02/Apr/2017:01:51:47 +0900] "GET / HTTP/1.1" 200 854 "-" "Mozilla/4.0 (compatible; MSIE 5.5; Windows 98)"
10.2.3.5 - - [09/Apr/2016:17:28:47 +0900] "GET / HTTP/1.1" 200 854 "-" "Mozilla/4.0 (compatible; MSIE 5.5; Windows 98)"
10.2.3.26 - - [28/Apr/2017:01:20:47 +0900] "GET / HTTP/1.1" 200 854 "-" "Mozilla/4.0 (compatible; MSIE 5.5; Windows 98)"
10.2.3.20 - - [03/Apr/2017:16:23:47 +0900] "GET / HTTP/1.1" 200 854 "-" "Mozilla/4.0 (compatible; MSIE 5.5; Windows 98)"
10.2.3.6 - - [27/Apr/2016:17:09:47 +0900] "GET / HTTP/1.1" 200 854 "-" "Mozilla/4.0 (compatible; MSIE 5.5; Windows 98)"
10.2.3.13 - - [18/Apr/2016:21:23:47 +0900] "GET / HTTP/1.1" 200 854 "-" "Mozilla/4.0 (compatible; MSIE 5.5; Windows 98)"
10.2.3.7 - - [19/Apr/2017:06:45:47 +0900] "GET / HTTP/1.1" 200 854 "-" "Mozilla/4.0 (compatible; MSIE 5.5; Windows 98)"
10.2.3.5 - - [10/Apr/2016:19:19:47 +0900] "GET / HTTP/1.1" 200 854 "-" "Mozilla/4.0 (compatible; MSIE 5.5; Windows 98)"
10.2.3.9 - - [02/Apr/2016:00:02:47 +0900] "GET / HTTP/1.1" 200 854 "-" "Mozilla/4.0 (compatible; MSIE 5.5; Windows 98)"
10.2.3.1 - - [17/Apr/2017:10:54:47 +0900] "GET / HTTP/1.1" 200 854 "-" "Mozilla/4.0 (compatible; MSIE 5.5; Windows 98)"
10.2.3.1 - - [07/Apr/2017:05:46:47 +0900] "GET / HTTP/1.1" 200 854 "-" "Mozilla/4.0 (compatible; MSIE 5.5; Windows 98)"
10.2.3.12 - - [19/Apr/2017:22:46:47 +0900] "GET / HTTP/1.1" 200 854 "-" "Mozilla/4.0 (compatible; MSIE 5.5; Windows 98)"
10.2.3.17 - - [15/Apr/2017:20:01:47 +0900] "GET / HTTP/1.1" 200 854 "-" "Mozilla/4.0 (compatible; MSIE 5.5; Windows 98)"
10.2.3.12 - - [16/Apr/2016:02:35:47 +0900] "GET / HTTP/1.1" 200 854 "-" "Mozilla/4.0 (compatible; MSIE 5.5; Windows 98)"
10.2.3.10 - - [06/Apr/2016:13:46:47 +0900] "GET / HTTP/1.1" 200 854 "-" "Mozilla/4.0 (compatible; MSIE 5.5; Windows 98)"
10.2.3.16 - - [15/Apr/2017:18:14:47 +0900] "GET / HTTP/1.1" 200 854 "-" "Mozilla/4.0 (compatible; MSIE 5.5; Windows 98)"
10.2.3.26 - - [29/Apr/2017:11:46:47 +0900] "GET / HTTP/1.1" 200 854 "-" "Mozilla/4.0 (compatible; MSIE 5.5; Windows 98)"
10.2.3.8 - - [01/Apr/2016:13:57:47 +0900] "GET / HTTP/1.1" 200 854 "-" "Mozilla/4.0 (compatible; MSIE 5.5; Windows 98)"
10.2.3.26 - - [11/Apr/2017:22:45:47 +0900] "GET / HTTP/1.1" 200 854 "-" "Mozilla/4.0 (compatible; MSIE 5.5; Windows 98)"
10.2.3.22 - - [10/Apr/2017:15:59:47 +0900] "GET / HTTP/1.1" 200 854 "-" "Mozilla/4.0 (compatible; MSIE 5.5; Windows 98)"
10.2.3.30 - - [22/Apr/2017:21:29:47 +0900] "GET / HTTP/1.1" 200 854 "-" "Mozilla/4.0 (compatible; MSIE 5.5; Windows 98)"
10.2.3.12 - - [08/Apr/2017:12:19:47 +0900] "GET / HTTP/1.1" 200 854 "-" "Mozilla/4.0 (compatible; MSIE 5.5; Windows 98)"
10.2.3.3 - - [14/Apr/2016:12:26:47 +0900] "GET / HTTP/1.1" 200 854 "-" "Mozilla/4.0 (compatible; MSIE 5.5; Windows 98)"
10.2.3.15 - - [13/Apr/2017:22:24:47 +0900] "GET / HTTP/1.1" 200 854 "-" "Mozilla/4.0 (compatible; MSIE 5.5; Windows 98)"
10.2.3.30 - - [16/Apr/2017:18:06:47 +0900] "GET / HTTP/1.1" 200 854 "-" "Mozilla/4.0 (compatible; MSIE 5.5; Windows 98)"
10.2.3.19 - - [27/Apr/2017:16:02:47 +0900] "GET / HTTP/1.1" 200 854 "-" "Mozilla/4.0 (compatible; MSIE 5.5; Windows 98)"
10.2.3.17 - - [21/Apr/2017:10:03:47 +0900] "GET / HTTP/1.1" 200 854 "-" "Mozilla/4.0 (compatible; MSIE 5.5; Windows 98)"
10.2.3.12 - - [30/Apr/2016:09:53:47 +0900] "GET / HTTP/1.1" 200 854 "-" "Mozilla/4.0 (compatible; MSIE 5.5; Windows 98)"
10.2.3.19 - - [04/Apr/2016:05:41:47 +0900] "GET / HTTP/1.1" 200 854 "-" "Mozilla/4.0 (compatible; MSIE 5.5; Windows 98)"
10.2.3.6 - - [26/Apr/2017:04:21:47 +0900] "GET / HTTP/1.1" 200 854 "-" "Mozilla/4.0 (compatible; MSIE 5.5; Windows 98)"
10.2.3.7 - - [29/Apr/2017:23:34:47 +0900] "GET / HTTP/1.1" 200 854 "-" "Mozilla/4.0 (compatible; MSIE 5.5; Windows 98)"
10.2.3.16 - - [30/Apr/2017:21:06:47 +0900] "GET / HTTP/1.1" 200 854 "-" "Mozilla/4.0 (compatible; MSIE 5.5; Windows 98)"
10.2.3.10 - - [22/Apr/2016:23:28:47 +0900] "GET / HTTP/1.1" 200 854 "-" "Mozilla/4.0 (compatible; MSIE 5.5; Windows 98)"
10.2.3.19 - - [18/Apr/2016:21:10:47 +0900] "GET / HTTP/1.1" 200 854 "-" "Mozilla/4.0 (compatible; MSIE 5.5; Windows 98)"
10.2.3.24 - - [21/Apr/2017:18:48:47 +0900] "GET / HTTP/1.1" 200 854 "-" "Mozilla/4.0 (compatible; MSIE 5.5; Windows 98)"
10.2.3.18 - - [13/Apr/2017:15:21:47 +0900] "GET / HTTP/1.1" 200 854 "-" "Mozilla/4.0 (compatible; MSIE 5.5; Windows 98)"
10.2.3.16 - - [23/Apr/2017:01:09:47 +0900] "GET / HTTP/1.1" 200 854 "-" "Mozilla/4.0 (compatible; MSIE 5.5; Windows 98)"
10.2.3.30 - - [19/Apr/2017:07:55:47 +0900] "GET / HTTP/1.1" 200 854 "-" "Mozilla/4.0 (compatible; MSIE 5.5; Windows 98)"
10.2.3.24 - - [15/Apr/2017:00:33:47 +0900] "GET / HTTP/1.1" 200 854 "-" "Mozilla/4.0 (compatible; MSIE 5.5; Windows 98)"
10.2.3.24 - - [04/Apr/2017:16:15:47 +0900] "GET / HTTP/1.1" 200 854 "-" "Mozilla/4.0 (compatible; MSIE 5.5; Windows 98)"
10.2.3.7 - - [28/Apr/2016:17:01:47 +0900] "GET / HTTP/1.1" 200 854 "-" "Mozilla/4.0 (compatible; MSIE 5.5; Windows 98)"
10.2.3.6 - - [24/Apr/2017:10:45:47 +0900] "GET / HTTP/1.1" 200 854 "-" "Mozilla/4.0 (compatible; MSIE 5.5; Windows 98)"
10.2.3.14 - - [02/Apr/2016:22:37:47 +0900] "GET / HTTP/1.1" 200 854 "-" "Mozilla/4.0 (compatible; MSIE 5.5; Windows 98)"
10.2.3.13 - - [24/Apr/2016:00:30:47 +0900] "GET / HTTP/1.1" 200 854 "-" "Mozilla/4.0 (compatible; MSIE 5.5; Windows 98)"
10.2.3.10 - - [25/Apr/2016:22:19:47 +0900] "GET / HTTP/1.1" 200 854 "-" "Mozilla/4.0 (compatible; MSIE 5.5; Windows 98)"
10.2.3.29 - - [26/Apr/2017:02:46:47 +0900] "GET / HTTP/1.1" 200 854 "-" "Mozilla/4.0 (compatible; MSIE 5.5; Windows 98)"
10.2.3.4 - - [26/Apr/2016:15:46:47 +0900] "GET / HTTP/1.1" 200 854 "-" "Mozilla/4.0 (compatible; MSIE 5.5; Windows 98)"
10.2.3.4 - - [26/Apr/2017:01:01:47 +0900] "GET / HTTP/1.1" 200 854 "-" "Mozilla/4.0 (compatible; MSIE 5.5; Windows 98)"
10.2.3.27 - - [12/Apr/2017:04:07:47 +0900] "GET / HTTP/1.1" 200 854 "-" "Mozilla/4.0 (compatible; MSIE 5.5; Windows 98)"
10.2.3.14 - - [05/Apr/2017:08:42:47 +0900] "GET / HTTP/1.1" 200 854 "-" "Mozilla/4.0 (compatible; MSIE 5.5; Windows 98)"
10.2.3.4 - - [06/Apr/2017:12:10:47 +0900] "GET / HTTP/1.1" 200 854 "-" "Mozilla/4.0 (compatible; MSIE 5.5; Windows 98)"
10.2.3.17 - - [04/Apr/2017:07:14:47 +0900] "GET / HTTP/1.1" 200 854 "-" "Mozilla/4.0 (compatible; MSIE 5.5; Windows 98)"
10.2.3.4 - - [12/Apr/2017:17:23:47 +0900] "GET / HTTP/1.1" 200 854 "-" "Mozilla/4.0 (compatible; MSIE 5.5; Windows 98)"
10.2.3.5 - - [24/Apr/2017:14:25:47 +0900] "GET / HTTP/1.1" 200 854 "-" "Mozilla/4.0 (compatible; MSIE 5.5; Windows 98)"
10.2.3.21 - - [12/Apr/2016:02:26:47 +0900] "GET / HTTP/1.1" 200 854 "-" "Mozilla/4.0 (compatible; MSIE 5.5; Windows 98)"
10.2.3.5 - - [02/Apr/2016:20:11:47 +0900] "GET / HTTP/1.1" 200 854 "-" "Mozilla/4.0 (compatible; MSIE 5.5; Windows 98)"
10.2.3.30 - - [21/Apr/2016:15:32:47 +0900] "GET / HTTP/1.1" 200 854 "-" "Mozilla/4.0 (compatible; MSIE 5.5; Windows 98)"
10.2.3.23 - - [23/Apr/2017:04:32:47 +0900] "GET / HTTP/1.1" 200 854 "-" "Mozilla/4.0 (compatible; MSIE 5.5; Windows 98)"
10.2.3.28 - - [10/Apr/2017:18:20:47 +0900] "GET / HTTP/1.1" 200 854 "-" "Mozilla/4.0 (compatible; MSIE 5.5; Windows 98)"
10.2.3.25 - - [14/Apr/2016:22:00:47 +0900] "GET / HTTP/1.1" 200 854 "-" "Mozilla/4.0 (compatible; MSIE 5.5; Windows 98)"
10.2.3.5 - - [10/Apr/2017:18:50:47 +0900] "GET / HTTP/1.1" 200 854 "-" "Mozilla/4.0 (compatible; MSIE 5.5; Windows 98)"
10.2.3.1 - - [04/Apr/2017:22:08:47 +0900] "GET / HTTP/1.1" 200 854 "-" "Mozilla/4.0 (compatible; MSIE 5.5; Windows 98)"
10.2.3.6 - - [27/Apr/2017:07:45:47 +0900] "GET / HTTP/1.1" 200 854 "-" "Mozilla/4.0 (compatible; MSIE 5.5; Windows 98)"
10.2.3.7 - - [09/Apr/2017:04:12:47 +0900] "GET / HTTP/1.1" 200 854 "-" "Mozilla/4.0 (compatible; MSIE 5.5; Windows 98)"
10.2.3.18 - - [16/Apr/2017:01:42:47 +0900] "GET / HTTP/1.1" 200 854 "-" "Mozilla/4.0 (compatible; MSIE 5.5; Windows 98)"
10.2.3.13 - - [17/Apr/2017:06:40:47 +0900] "GET / HTTP/1.1" 200 854 "-" "Mozilla/4.0 (compatible; MSIE 5.5; Windows 98)"
10.2.3.8 - - [25/Apr/2017:21:30:47 +0900] "GET / HTTP/1.1" 200 854 "-" "Mozilla/4.0 (compatible; MSIE 5.5; Windows 98)"
10.2.3.2 - - [21/Apr/2016:01:05:47 +0900] "GET / HTTP/1.1" 200 854 "-" "Mozilla/4.0 (compatible; MSIE 5.5; Windows 98)"
10.2.3.13 - - [01/Apr/2016:21:13:47 +0900] "GET / HTTP/1.1" 200 854 "-" "Mozilla/4.0 (compatible; MSIE 5.5; Windows 98)"
10.2.3.10 - - [20/Apr/2016:11:05:47 +0900] "GET / HTTP/1.1" 200 854 "-" "Mozilla/4.0 (compatible; MSIE 5.5; Windows 98)"
10.2.3.19 - - [27/Apr/2017:10:26:47 +0900] "GET / HTTP/1.1" 200 854 "-" "Mozilla/4.0 (compatible; MSIE 5.5; Windows 98)"
10.2.3.22 - - [14/Apr/2017:19:49:47 +0900] "GET / HTTP/1.1" 200 854 "-" "Mozilla/4.0 (compatible; MSIE 5.5; Windows 98)"
10.2.3.21 - - [28/Apr/2016:20:42:47 +0900] "GET / HTTP/1.1" 200 854 "-" "Mozilla/4.0 (compatible; MSIE 5.5; Windows 98)"
10.2.3.21 - - [12/Apr/2016:01:41:47 +0900] "GET / HTTP/1.1" 200 854 "-" "Mozilla/4.0 (compatible; MSIE 5.5; Windows 98)"
10.2.3.21 - - [10/Apr/2017:23:00:47 +0900] "GET / HTTP/1.1" 200 854 "-" "Mozilla/4.0 (compatible; MSIE 5.5; Windows 98)"
10.2.3.3 - - [16/Apr/2017:08:06:47 +0900] "GET / HTTP/1.1" 200 854 "-" "Mozilla/4.0 (compatible; MSIE 5.5; Windows 98)"
10.2.3.2 - - [11/Apr/2016:16:30:47 +0900] "GET / HTTP/1.1" 200 854 "-" "Mozilla/4.0 (compatible; MSIE 5.5; Windows 98)"
10.2.3.15 - - [07/Apr/2016:20:29:47 +0900] "GET / HTTP/1.1" 200 854 "-" "Mozilla/4.0 (compatible; MSIE 5.5; Windows 98)"
10.2.3.3 - - [07/Apr/2017:08:26:47 +0900] "GET / HTTP/1.1" 200 854 "-" "Mozilla/4.0 (compatible; MSIE 5.5; Windows 98)"
10.2.3.20 - - [23/Apr/2017:17:30:47 +0900] "GET / HTTP/1.1" 200 854 "-" "Mozilla/4.0 (compatible; MSIE 5.5; Windows 98)"
10.2.3.29 - - [27/Apr/2016:07:02:47 +0900] "GET / HTTP/1.1" 200 854 "-" "Mozilla/4.0 (compatible; MSIE 5.5; Windows 98)"
10.2.3.16 - - [22/Apr/2016:01:22:47 +0900] "GET / HTTP/1.1" 200 854 "-" "Mozilla/4.0 (compatible; MSIE 5.5; Windows 98)"
10.2.3.27 - - [08/Apr/2016:13:34:47 +0900] "GET / HTTP/1.1" 200 854 "-" "Mozilla/4.0 (compatible; MSIE 5.5; Windows 98)"
10.2.3.3 - - [11/Apr/2016:01:22:47 +0900] "GET / HTTP/1.1" 200 854 "-" "Mozilla/4.0 (compatible; MSIE 5.5; Windows 98)"
10.2.3.14 - - [01/Apr/2017:13:48:47 +0900] "GET / HTTP/1.1" 200 854 "-" "Mozilla/4.0 (compatible; MSIE 5.5; Windows 98)"
10.2.3.13 - - [08/Apr/2017:08:07:47 +0900] "GET / HTTP/1.1" 200 854 "-" "Mozilla/4.0 (compatible; MSIE 5.5; Windows 98)"
10.2.3.23 - - [01/Apr/2016:22:31:47 +0900] "GET / HTTP/1.1" 200 854 "-" "Mozilla/4.0 (compatible; MSIE 5.5; Windows 98)"
10.2.3.9 - - [03/Apr/2017:05:58:47 +0900] "GET / HTTP/1.1" 200 854 "-" "Mozilla/4.0 (compatible; MSIE 5.5; Windows 98)"
10.2.3.22 - - [15/Apr/2017:10:16:47 +0900] "GET / HTTP/1.1" 200 854 "-" "Mozilla/4.0 (compatible; MSIE 5.5; Windows 98)"
10.2.3.11 - - [03/Apr/2017:15:32:47 +0900] "GET / HTTP/1.1" 200 854 "-" "Mozilla/4.0 (compatible; MSIE 5.5; Windows 98)"
10.2.3.26 - - [11/Apr/2016:21:49:47 +0900] "GET / HTTP/1.1" 200 854 "-" "Mozilla/4.0 (compatible; MSIE 5.5; Windows 98)"
10.2.3.21 - - [06/Apr/2016:03:39:47 +0900] "GET / HTTP/1.1" 200 854 "-" "Mozilla/4.0 (compatible; MSIE 5.5; Windows 98)"
10.2.3.16 - - [23/Apr/2017:13:26:47 +0900] "GET / HTTP/1.1" 200 854 "-" "Mozilla/4.0 (compatible; MSIE 5.5; Windows 98)"
10.2.3.21 - - [12/Apr/2016:09:58:47 +0900] "GET / HTTP/1.1" 200 854 "-" "Mozilla/4.0 (compatible; MSIE 5.5; Windows 98)"
10.2.3.22 - - [07/Apr/2017:10:20:47 +0900] "GET / HTTP/1.1" 200 854 "-" "Mozilla/4.0 (compatible; MSIE 5.5; Windows 98)"
10.2.3.16 - - [28/Apr/2017:04:35:47 +0900] "GET / HTTP/1.1" 200 854 "-" "Mozilla/4.0 (compatible; MSIE 5.5; Windows 98)"
10.2.3.10 - - [09/Apr/2017:19:38:47 +0900] "GET / HTTP/1.1" 200 854 "-" "Mozilla/4.0 (compatible; MSIE 5.5; Windows 98)"
10.2.3.18 - - [29/Apr/2016:16:37:47 +0900] "GET / HTTP/1.1" 200 854 "-" "Mozilla/4.0 (compatible; MSIE 5.5; Windows 98)"
10.2.3.4 - - [01/Apr/2016:00:45:47 +0900] "GET / HTTP/1.1" 200 854 "-" "Mozilla/4.0 (compatible; MSIE 5.5; Windows 98)"
10.2.3.9 - - [10/Apr/2016:20:11:47 +0900] "GET / HTTP/1.1" 200 854 "-" "Mozilla/4.0 (compatible; MSIE 5.5; Windows 98)"
10.2.3.28 - - [15/Apr/2017:07:26:47 +0900] "GET / HTTP/1.1" 200 854 "-" "Mozilla/4.0 (compatible; MSIE 5.5; Windows 98)"
10.2.3.18 - - [25/Apr/2016:14:12:47 +0900] "GET / HTTP/1.1" 200 854 "-" "Mozilla/4.0 (compatible; MSIE 5.5; Windows 98)"
10.2.3.28 - - [04/Apr/2017:12:36:47 +0900] "GET / HTTP/1.1" 200 854 "-" "Mozilla/4.0 (compatible; MSIE 5.5; Windows 98)"
10.2.3.15 - - [17/Apr/2017:07:13:47 +0900] "GET / HTTP/1.1" 200 854 "-" "Mozilla/4.0 (compatible; MSIE 5.5; Windows 98)"
10.2.3.5 - - [21/Apr/2016:10:43:47 +0900] "GET / HTTP/1.1" 200 854 "-" "Mozilla/4.0 (compatible; MSIE 5.5; Windows 98)"
10.2.3.13 - - [08/Apr/2017:19:53:47 +0900] "GET / HTTP/1.1" 200 854 "-" "Mozilla/4.0 (compatible; MSIE 5.5; Windows 98)"
10.2.3.28 - - [10/Apr/2017:23:22:47 +0900] "GET / HTTP/1.1" 200 854 "-" "Mozilla/4.0 (compatible; MSIE 5.5; Windows 98)"
10.2.3.6 - - [04/Apr/2017:20:46:47 +0900] "GET / HTTP/1.1" 200 854 "-" "Mozilla/4.0 (compatible; MSIE 5.5; Windows 98)"
10.2.3.27 - - [01/Apr/2016:14:55:47 +0900] "GET / HTTP/1.1" 200 854 "-" "Mozilla/4.0 (compatible; MSIE 5.5; Windows 98)"
10.2.3.1 - - [02/Apr/2017:16:59:47 +0900] "GET / HTTP/1.1" 200 854 "-" "Mozilla/4.0 (compatible; MSIE 5.5; Windows 98)"
10.2.3.30 - - [02/Apr/2017:08:25:47 +0900] "GET / HTTP/1.1" 200 854 "-" "Mozilla/4.0 (compatible; MSIE 5.5; Windows 98)"
10.2.3.10 - - [27/Apr/2017:21:50:47 +0900] "GET / HTTP/1.1" 200 854 "-" "Mozilla/4.0 (compatible; MSIE 5.5; Windows 98)"
10.2.3.28 - - [09/Apr/2016:00:22:47 +0900] "GET / HTTP/1.1" 200 854 "-" "Mozilla/4.0 (compatible; MSIE 5.5; Windows 98)"
10.2.3.5 - - [17/Apr/2016:16:49:47 +0900] "GET / HTTP/1.1" 200 854 "-" "Mozilla/4.0 (compatible; MSIE 5.5; Windows 98)"
10.2.3.18 - - [17/Apr/2017:10:37:47 +0900] "GET / HTTP/1.1" 200 854 "-" "Mozilla/4.0 (compatible; MSIE 5.5; Windows 98)"
10.2.3.3 - - [16/Apr/2016:06:44:47 +0900] "GET / HTTP/1.1" 200 854 "-" "Mozilla/4.0 (compatible; MSIE 5.5; Windows 98)"
10.2.3.25 - - [13/Apr/2016:08:52:47 +0900] "GET / HTTP/1.1" 200 854 "-" "Mozilla/4.0 (compatible; MSIE 5.5; Windows 98)"
10.2.3.29 - - [29/Apr/2016:21:29:47 +0900] "GET / HTTP/1.1" 200 854 "-" "Mozilla/4.0 (compatible; MSIE 5.5; Windows 98)"
10.2.3.13 - - [06/Apr/2017:07:35:47 +0900] "GET / HTTP/1.1" 200 854 "-" "Mozilla/4.0 (compatible; MSIE 5.5; Windows 98)"
10.2.3.21 - - [03/Apr/2017:04:16:47 +0900] "GET / HTTP/1.1" 200 854 "-" "Mozilla/4.0 (compatible; MSIE 5.5; Windows 98)"
10.2.3.30 - - [14/Apr/2016:18:31:47 +0900] "GET / HTTP/1.1" 200 854 "-" "Mozilla/4.0 (compatible; MSIE 5.5; Windows 98)"
10.2.3.12 - - [08/Apr/2017:07:06:47 +0900] "GET / HTTP/1.1" 200 854 "-" "Mozilla/4.0 (compatible; MSIE 5.5; Windows 98)"
10.2.3.9 - - [29/Apr/2017:06:11:47 +0900] "GET / HTTP/1.1" 200 854 "-" "Mozilla/4.0 (compatible; MSIE 5.5; Windows 98)"
10.2.3.12 - - [09/Apr/2017:17:15:47 +0900] "GET / HTTP/1.1" 200 854 "-" "Mozilla/4.0 (compatible; MSIE 5.5; Windows 98)"
10.2.3.15 - - [08/Apr/2016:01:06:47 +0900] "GET / HTTP/1.1" 200 854 "-" "Mozilla/4.0 (compatible; MSIE 5.5; Windows 98)"
10.2.3.5 - - [25/Apr/2017:15:21:47 +0900] "GET / HTTP/1.1" 200 854 "-" "Mozilla/4.0 (compatible; MSIE 5.5; Windows 98)"
10.2.3.20 - - [17/Apr/2017:01:04:47 +0900] "GET / HTTP/1.1" 200 854 "-" "Mozilla/4.0 (compatible; MSIE 5.5; Windows 98)"
10.2.3.19 - - [10/Apr/2017:01:24:47 +0900] "GET / HTTP/1.1" 200 854 "-" "Mozilla/4.0 (compatible; MSIE 5.5; Windows 98)"
10.2.3.20 - - [29/Apr/2016:19:17:47 +0900] "GET / HTTP/1.1" 200 854 "-" "Mozilla/4.0 (compatible; MSIE 5.5; Windows 98)"
10.2.3.14 - - [25/Apr/2017:20:55:47 +0900] "GET / HTTP/1.1" 200 854 "-" "Mozilla/4.0 (compatible; MSIE 5.5; Windows 98)"
10.2.3.10 - - [20/Apr/2017:17:51:47 +0900] "GET / HTTP/1.1" 200 854 "-" "Mozilla/4.0 (compatible; MSIE 5.5; Windows 98)"
10.2.3.22 - - [13/Apr/2016:06:12:47 +0900] "GET / HTTP/1.1" 200 854 "-" "Mozilla/4.0 (compatible; MSIE 5.5; Windows 98)"
10.2.3.25 - - [10/Apr/2017:15:22:47 +0900] "GET / HTTP/1.1" 200 854 "-" "Mozilla/4.0 (compatible; MSIE 5.5; Windows 98)"
10.2.3.17 - - [14/Apr/2017:13:52:47 +0900] "GET / HTTP/1.1" 200 854 "-" "Mozilla/4.0 (compatible; MSIE 5.5; Windows 98)"
10.2.3.26 - - [06/Apr/2016:19:50:47 +0900] "GET / HTTP/1.1" 200 854 "-" "Mozilla/4.0 (compatible; MSIE 5.5; Windows 98)"
10.2.3.10 - - [17/Apr/2017:09:58:47 +0900] "GET / HTTP/1.1" 200 854 "-" "Mozilla/4.0 (compatible; MSIE 5.5; Windows 98)"
10.2.3.21 - - [23/Apr/2016:20:13:47 +0900] "GET / HTTP/1.1" 200 854 "-" "Mozilla/4.0 (compatible; MSIE 5.5; Windows 98)"
10.2.3.5 - - [19/Apr/2017:15:59:47 +0900] "GET / HTTP/1.1" 200 854 "-" "Mozilla/4.0 (compatible; MSIE 5.5; Windows 98)"
10.2.3.29 - - [08/Apr/2016:14:45:47 +0900] "GET / HTTP/1.1" 200 854 "-" "Mozilla/4.0 (compatible; MSIE 5.5; Windows 98)"
10.2.3.22 - - [15/Apr/2016:22:36:47 +0900] "GET / HTTP/1.1" 200 854 "-" "Mozilla/4.0 (compatible; MSIE 5.5; Windows 98)"
10.2.3.2 - - [30/Apr/2017:21:59:47 +0900] "GET / HTTP/1.1" 200 854 "-" "Mozilla/4.0 (compatible; MSIE 5.5; Windows 98)"
10.2.3.17 - - [12/Apr/2016:23:17:47 +0900] "GET / HTTP/1.1" 200 854 "-" "Mozilla/4.0 (compatible; MSIE 5.5; Windows 98)"
10.2.3.19 - - [05/Apr/2016:00:03:47 +0900] "GET / HTTP/1.1" 200 854 "-" "Mozilla/4.0 (compatible; MSIE 5.5; Windows 98)"
10.2.3.27 - - [25/Apr/2017:16:11:47 +0900] "GET / HTTP/1.1" 200 854 "-" "Mozilla/4.0 (compatible; MSIE 5.5; Windows 98)"
10.2.3.24 - - [05/Apr/2016:11:21:47 +0900] "GET / HTTP/1.1" 200 854 "-" "Mozilla/4.0 (compatible; MSIE 5.5; Windows 98)"
10.2.3.11 - - [21/Apr/2017:11:37:47 +0900] "GET / HTTP/1.1" 200 854 "-" "Mozilla/4.0 (compatible; MSIE 5.5; Windows 98)"
10.2.3.6 - - [14/Apr/2017:12:34:47 +0900] "GET / HTTP/1.1" 200 854 "-" "Mozilla/4.0 (compatible; MSIE 5.5; Windows 98)"
10.2.3.22 - - [21/Apr/2017:01:31:47 +0900] "GET / HTTP/1.1" 200 854 "-" "Mozilla/4.0 (compatible; MSIE 5.5; Windows 98)"
10.2.3.29 - - [17/Apr/2017:14:56:47 +0900] "GET / HTTP/1.1" 200 854 "-" "Mozilla/4.0 (compatible; MSIE 5.5; Windows 98)"
10.2.3.5 - - [22/Apr/2017:14:32:47 +0900] "GET / HTTP/1.1" 200 854 "-" "Mozilla/4.0 (compatible; MSIE 5.5; Windows 98)"
10.2.3.11 - - [01/Apr/2017:05:15:47 +0900] "GET / HTTP/1.1" 200 854 "-" "Mozilla/4.0 (compatible; MSIE 5.5; Windows 98)"
10.2.3.13 - - [29/Apr/2016:11:39:47 +0900] "GET / HTTP/1.1" 200 854 "-" "Mozilla/4.0 (compatible; MSIE 5.5; Windows 98)"
10.2.3.12 - - [01/Apr/2016:12:38:47 +0900] "GET / HTTP/1.1" 200 854 "-" "Mozilla/4.0 (compatible; MSIE 5.5; Windows 98)"
10.2.3.13 - - [21/Apr/2017:02:51:47 +0900] "GET / HTTP/1.1" 200 854 "-" "Mozilla/4.0 (compatible; MSIE 5.5; Windows 98)"
10.2.3.15 - - [14/Apr/2017:14:56:47 +0900] "GET / HTTP/1.1" 200 854 "-" "Mozilla/4.0 (compatible; MSIE 5.5; Windows 98)"
10.2.3.6 - - [26/Apr/2017:13:58:47 +0900] "GET / HTTP/1.1" 200 854 "-" "Mozilla/4.0 (compatible; MSIE 5.5; Windows 98)"
10.2.3.5 - - [11/Apr/2017:17:07:47 +0900] "GET / HTTP/1.1" 200 854 "-" "Mozilla/4.0 (compatible; MSIE 5.5; Windows 98)"
10.2.3.2 - - [02/Apr/2016:06:55:47 +0900] "GET / HTTP/1.1" 200 854 "-" "Mozilla/4.0 (compatible; MSIE 5.5; Windows 98)"
10.2.3.17 - - [06/Apr/2016:16:26:47 +0900] "GET / HTTP/1.1" 200 854 "-" "Mozilla/4.0 (compatible; MSIE 5.5; Windows 98)"
10.2.3.24 - - [15/Apr/2016:17:23:47 +0900] "GET / HTTP/1.1" 200 854 "-" "Mozilla/4.0 (compatible; MSIE 5.5; Windows 98)"
10.2.3.11 - - [20/Apr/2016:18:40:47 +0900] "GET / HTTP/1.1" 200 854 "-" "Mozilla/4.0 (compatible; MSIE 5.5; Windows 98)"
10.2.3.21 - - [08/Apr/2017:11:37:47 +0900] "GET / HTTP/1.1" 200 854 "-" "Mozilla/4.0 (compatible; MSIE 5.5; Windows 98)"
10.2.3.2 - - [10/Apr/2016:00:28:47 +0900] "GET / HTTP/1.1" 200 854 "-" "Mozilla/4.0 (compatible; MSIE 5.5; Windows 98)"
10.2.3.15 - - [28/Apr/2017:16:20:47 +0900] "GET / HTTP/1.1" 200 854 "-" "Mozilla/4.0 (compatible; MSIE 5.5; Windows 98)"
10.2.3.23 - - [20/Apr/2017:11:08:47 +0900] "GET / HTTP/1.1" 200 854 "-" "Mozilla/4.0 (compatible; MSIE 5.5; Windows 98)"
10.2.3.27 - - [23/Apr/2016:09:00:47 +0900] "GET / HTTP/1.1" 200 854 "-" "Mozilla/4.0 (compatible; MSIE 5.5; Windows 98)"
10.2.3.19 - - [15/Apr/2017:17:13:47 +0900] "GET / HTTP/1.1" 200 854 "-" "Mozilla/4.0 (compatible; MSIE 5.5; Windows 98)"
10.2.3.23 - - [17/Apr/2016:21:59:47 +0900] "GET / HTTP/1.1" 200 854 "-" "Mozilla/4.0 (compatible; MSIE 5.5; Windows 98)"
10.2.3.11 - - [02/Apr/2016:00:42:47 +0900] "GET / HTTP/1.1" 200 854 "-" "Mozilla/4.0 (compatible; MSIE 5.5; Windows 98)"
10.2.3.14 - - [10/Apr/2017:13:29:47 +0900] "GET / HTTP/1.1" 200 854 "-" "Mozilla/4.0 (compatible; MSIE 5.5; Windows 98)"
10.2.3.2 - - [03/Apr/2017:02:59:47 +0900] "GET / HTTP/1.1" 200 854 "-" "Mozilla/4.0 (compatible; MSIE 5.5; Windows 98)"
10.2.3.5 - - [07/Apr/2016:08:05:47 +0900] "GET / HTTP/1.1" 200 854 "-" "Mozilla/4.0 (compatible; MSIE 5.5; Windows 98)"
10.2.3.19 - - [13/Apr/2017:16:38:47 +0900] "GET / HTTP/1.1" 200 854 "-" "Mozilla/4.0 (compatible; MSIE 5.5; Windows 98)"
10.2.3.20 - - [01/Apr/2017:14:19:47 +0900] "GET / HTTP/1.1" 200 854 "-" "Mozilla/4.0 (compatible; MSIE 5.5; Windows 98)"
10.2.3.13 - - [12/Apr/2017:04:11:47 +0900] "GET / HTTP/1.1" 200 854 "-" "Mozilla/4.0 (compatible; MSIE 5.5; Windows 98)"
10.2.3.5 - - [17/Apr/2016:09:29:47 +0900] "GET / HTTP/1.1" 200 854 "-" "Mozilla/4.0 (compatible; MSIE 5.5; Windows 98)"
10.2.3.23 - - [21/Apr/2016:18:32:47 +0900] "GET / HTTP/1.1" 200 854 "-" "Mozilla/4.0 (compatible; MSIE 5.5; Windows 98)"
10.2.3.19 - - [13/Apr/2017:18:33:47 +0900] "GET / HTTP/1.1" 200 854 "-" "Mozilla/4.0 (compatible; MSIE 5.5; Windows 98)"
10.2.3.13 - - [12/Apr/2017:23:50:47 +0900] "GET / HTTP/1.1" 200 854 "-" "Mozilla/4.0 (compatible; MSIE 5.5; Windows 98)"
10.2.3.26 - - [23/Apr/2016:19:11:47 +0900] "GET / HTTP/1.1" 200 854 "-" "Mozilla/4.0 (compatible; MSIE 5.5; Windows 98)"
10.2.3.8 - - [19/Apr/2017:21:52:47 +0900] "GET / HTTP/1.1" 200 854 "-" "Mozilla/4.0 (compatible; MSIE 5.5; Windows 98)"
10.2.3.5 - - [11/Apr/2016:16:51:47 +0900] "GET / HTTP/1.1" 200 854 "-" "Mozilla/4.0 (compatible; MSIE 5.5; Windows 98)"
10.2.3.9 - - [24/Apr/2017:04:04:47 +0900] "GET / HTTP/1.1" 200 854 "-" "Mozilla/4.0 (compatible; MSIE 5.5; Windows 98)"
10.2.3.21 - - [15/Apr/2017:20:27:47 +0900] "GET / HTTP/1.1" 200 854 "-" "Mozilla/4.0 (compatible; MSIE 5.5; Windows 98)"
10.2.3.6 - - [07/Apr/2016:11:40:47 +0900] "GET / HTTP/1.1" 200 854 "-" "Mozilla/4.0 (compatible; MSIE 5.5; Windows 98)"
10.2.3.22 - - [19/Apr/2017:18:58:47 +0900] "GET / HTTP/1.1" 200 854 "-" "Mozilla/4.0 (compatible; MSIE 5.5; Windows 98)"
10.2.3.23 - - [29/Apr/2017:09:32:47 +0900] "GET / HTTP/1.1" 200 854 "-" "Mozilla/4.0 (compatible; MSIE 5.5; Windows 98)"
10.2.3.11 - - [28/Apr/2016:15:44:47 +0900] "GET / HTTP/1.1" 200 854 "-" "Mozilla/4.0 (compatible; MSIE 5.5; Windows 98)"
10.2.3.13 - - [19/Apr/2016:00:18:47 +0900] "GET / HTTP/1.1" 200 854 "-" "Mozilla/4.0 (compatible; MSIE 5.5; Windows 98)"
10.2.3.4 - - [10/Apr/2016:00:48:47 +0900] "GET / HTTP/1.1" 200 854 "-" "Mozilla/4.0 (compatible; MSIE 5.5; Windows 98)"
10.2.3.14 - - [26/Apr/2017:00:51:47 +0900] "GET / HTTP/1.1" 200 854 "-" "Mozilla/4.0 (compatible; MSIE 5.5; Windows 98)"
10.2.3.6 - - [08/Apr/2017:02:36:47 +0900] "GET / HTTP/1.1" 200 854 "-" "Mozilla/4.0 (compatible; MSIE 5.5; Windows 98)"
10.2.3.23 - - [01/Apr/2016:03:12:47 +0900] "GET / HTTP/1.1" 200 854 "-" "Mozilla/4.0 (compatible; MSIE 5.5; Windows 98)"
10.2.3.26 - - [24/Apr/2016:15:09:47 +0900] "GET / HTTP/1.1" 200 854 "-" "Mozilla/4.0 (compatible; MSIE 5.5; Windows 98)"
10.2.3.12 - - [16/Apr/2016:00:55:47 +0900] "GET / HTTP/1.1" 200 854 "-" "Mozilla/4.0 (compatible; MSIE 5.5; Windows 98)"
10.2.3.26 - - [14/Apr/2016:22:01:47 +0900] "GET / HTTP/1.1" 200 854 "-" "Mozilla/4.0 (compatible; MSIE 5.5; Windows 98)"
10.2.3.29 - - [23/Apr/2016:12:46:47 +0900] "GET / HTTP/1.1" 200 854 "-" "Mozilla/4.0 (compatible; MSIE 5.5; Windows 98)"
10.2.3.2 - - [28/Apr/2017:14:13:47 +0900] "GET / HTTP/1.1" 200 854 "-" "Mozilla/4.0 (compatible; MSIE 5.5; Windows 98)"
10.2.3.11 - - [07/Apr/2016:13:52:47 +0900] "GET / HTTP/1.1" 200 854 "-" "Mozilla/4.0 (compatible; MSIE 5.5; Windows 98)"
10.2.3.7 - - [11/Apr/2016:18:53:47 +0900] "GET / HTTP/1.1" 200 854 "-" "Mozilla/4.0 (compatible; MSIE 5.5; Windows 98)"
10.2.3.10 - - [30/Apr/2016:23:32:47 +0900] "GET / HTTP/1.1" 200 854 "-" "Mozilla/4.0 (compatible; MSIE 5.5; Windows 98)"
10.2.3.15 - - [07/Apr/2016:22:06:47 +0900] "GET / HTTP/1.1" 200 854 "-" "Mozilla/4.0 (compatible; MSIE 5.5; Windows 98)"
10.2.3.4 - - [23/Apr/2017:09:11:47 +0900] "GET / HTTP/1.1" 200 854 "-" "Mozilla/4.0 (compatible; MSIE 5.5; Windows 98)"
10.2.3.2 - - [25/Apr/2016:07:59:47 +0900] "GET / HTTP/1.1" 200 854 "-" "Mozilla/4.0 (compatible; MSIE 5.5; Windows 98)"
10.2.3.27 - - [30/Apr/2017:20:00:47 +0900] "GET / HTTP/1.1" 200 854 "-" "Mozilla/4.0 (compatible; MSIE 5.5; Windows 98)"
10.2.3.21 - - [21/Apr/2017:21:12:47 +0900] "GET / HTTP/1.1" 200 854 "-" "Mozilla/4.0 (compatible; MSIE 5.5; Windows 98)"
10.2.3.22 - - [22/Apr/2016:03:56:47 +0900] "GET / HTTP/1.1" 200 854 "-" "Mozilla/4.0 (compatible; MSIE 5.5; Windows 98)"
10.2.3.10 - - [06/Apr/2016:23:29:47 +0900] "GET / HTTP/1.1" 200 854 "-" "Mozilla/4.0 (compatible; MSIE 5.5; Windows 98)"
10.2.3.14 - - [11/Apr/2017:00:59:47 +0900] "GET / HTTP/1.1" 200 854 "-" "Mozilla/4.0 (compatible; MSIE 5.5; Windows 98)"
10.2.3.1 - - [25/Apr/2017:06:08:47 +0900] "GET / HTTP/1.1" 200 854 "-" "Mozilla/4.0 (compatible; MSIE 5.5; Windows 98)"
10.2.3.4 - - [28/Apr/2016:15:03:47 +0900] "GET / HTTP/1.1" 200 854 "-" "Mozilla/4.0 (compatible; MSIE 5.5; Windows 98)"
10.2.3.3 - - [01/Apr/2017:11:07:47 +0900] "GET / HTTP/1.1" 200 854 "-" "Mozilla/4.0 (compatible; MSIE 5.5; Windows 98)"
10.2.3.18 - - [04/Apr/2016:10:10:47 +0900] "GET / HTTP/1.1" 200 854 "-" "Mozilla/4.0 (compatible; MSIE 5.5; Windows 98)"
10.2.3.19 - - [21/Apr/2017:23:45:47 +0900] "GET / HTTP/1.1" 200 854 "-" "Mozilla/4.0 (compatible; MSIE 5.5; Windows 98)"
10.2.3.25 - - [26/Apr/2016:14:20:47 +0900] "GET / HTTP/1.1" 200 854 "-" "Mozilla/4.0 (compatible; MSIE 5.5; Windows 98)"
10.2.3.17 - - [11/Apr/2017:16:23:47 +0900] "GET / HTTP/1.1" 200 854 "-" "Mozilla/4.0 (compatible; MSIE 5.5; Windows 98)"
10.2.3.21 - - [29/Apr/2016:19:40:47 +0900] "GET / HTTP/1.1" 200 854 "-" "Mozilla/4.0 (compatible; MSIE 5.5; Windows 98)"
10.2.3.26 - - [21/Apr/2017:06:39:47 +0900] "GET / HTTP/1.1" 200 854 "-" "Mozilla/4.0 (compatible; MSIE 5.5; Windows 98)"
10.2.3.17 - - [04/Apr/2016:15:45:47 +0900] "GET / HTTP/1.1" 200 854 "-" "Mozilla/4.0 (compatible; MSIE 5.5; Windows 98)"
10.2.3.25 - - [17/Apr/2017:19:33:47 +0900] "GET / HTTP/1.1" 200 854 "-" "Mozilla/4.0 (compatible; MSIE 5.5; Windows 98)"
10.2.3.11 - - [06/Apr/2017:01:35:47 +0900] "GET / HTTP/1.1" 200 854 "-" "Mozilla/4.0 (compatible; MSIE 5.5; Windows 98)"
10.2.3.17 - - [16/Apr/2017:06:38:47 +0900] "GET / HTTP/1.1" 200 854 "-" "Mozilla/4.0 (compatible; MSIE 5.5; Windows 98)"
10.2.3.25 - - [01/Apr/2016:02:00:47 +0900] "GET / HTTP/1.1" 200 854 "-" "Mozilla/4.0 (compatible; MSIE 5.5; Windows 98)"
10.2.3.11 - - [23/Apr/2017:08:22:47 +0900] "GET / HTTP/1.1" 200 854 "-" "Mozilla/4.0 (compatible; MSIE 5.5; Windows 98)"
10.2.3.20 - - [18/Apr/2016:05:42:47 +0900] "GET / HTTP/1.1" 200 854 "-" "Mozilla/4.0 (compatible; MSIE 5.5; Windows 98)"
10.2.3.1 - - [23/Apr/2016:19:38:47 +0900] "GET / HTTP/1.1" 200 854 "-" "Mozilla/4.0 (compatible; MSIE 5.5; Windows 98)"
10.2.3.9 - - [15/Apr/2017:10:43:47 +0900] "GET / HTTP/1.1" 200 854 "-" "Mozilla/4.0 (compatible; MSIE 5.5; Windows 98)"
10.2.3.29 - - [10/Apr/2017:19:54:47 +0900] "GET / HTTP/1.1" 200 854 "-" "Mozilla/4.0 (compatible; MSIE 5.5; Windows 98)"
10.2.3.17 - - [30/Apr/2016:22:55:47 +0900] "GET / HTTP/1.1" 200 854 "-" "Mozilla/4.0 (compatible; MSIE 5.5; Windows 98)"
10.2.3.16 - - [18/Apr/2016:05:31:47 +0900] "GET / HTTP/1.1" 200 854 "-" "Mozilla/4.0 (compatible; MSIE 5.5; Windows 98)"
10.2.3.1 - - [03/Apr/2016:07:52:47 +0900] "GET / HTTP/1.1" 200 854 "-" "Mozilla/4.0 (compatible; MSIE 5.5; Windows 98)"
10.2.3.4 - - [24/Apr/2016:13:13:47 +0900] "GET / HTTP/1.1" 200 854 "-" "Mozilla/4.0 (compatible; MSIE 5.5; Windows 98)"
10.2.3.2 - - [22/Apr/2017:21:30:47 +0900] "GET / HTTP/1.1" 200 854 "-" "Mozilla/4.0 (compatible; MSIE 5.5; Windows 98)"
10.2.3.20 - - [15/Apr/2017:16:17:47 +0900] "GET / HTTP/1.1" 200 854 "-" "Mozilla/4.0 (compatible; MSIE 5.5; Windows 98)"
10.2.3.9 - - [15/Apr/2016:05:17:47 +0900] "GET / HTTP/1.1" 200 854 "-" "Mozilla/4.0 (compatible; MSIE 5.5; Windows 98)"
10.2.3.18 - - [17/Apr/2017:21:47:47 +0900] "GET / HTTP/1.1" 200 854 "-" "Mozilla/4.0 (compatible; MSIE 5.5; Windows 98)"
10.2.3.24 - - [10/Apr/2016:15:19:47 +0900] "GET / HTTP/1.1" 200 854 "-" "Mozilla/4.0 (compatible; MSIE 5.5; Windows 98)"
10.2.3.13 - - [10/Apr/2016:15:26:47 +0900] "GET / HTTP/1.1" 200 854 "-" "Mozilla/4.0 (compatible; MSIE 5.5; Windows 98)"
10.2.3.22 - - [30/Apr/2017:17:49:47 +0900] "GET / HTTP/1.1" 200 854 "-" "Mozilla/4.0 (compatible; MSIE 5.5; Windows 98)"
10.2.3.11 - - [21/Apr/2016:23:54:47 +0900] "GET / HTTP/1.1" 200 854 "-" "Mozilla/4.0 (compatible; MSIE 5.5; Windows 98)"
10.2.3.25 - - [06/Apr/2017:04:07:47 +0900] "GET / HTTP/1.1" 200 854 "-" "Mozilla/4.0 (compatible; MSIE 5.5; Windows 98)"
10.2.3.30 - - [07/Apr/2017:16:46:47 +0900] "GET / HTTP/1.1" 200 854 "-" "Mozilla/4.0 (compatible; MSIE 5.5; Windows 98)"
10.2.3.2 - - [27/Apr/2017:13:55:47 +0900] "GET / HTTP/1.1" 200 854 "-" "Mozilla/4.0 (compatible; MSIE 5.5; Windows 98)"
10.2.3.22 - - [02/Apr/2017:12:36:47 +0900] "GET / HTTP/1.1" 200 854 "-" "Mozilla/4.0 (compatible; MSIE 5.5; Windows 98)"
10.2.3.28 - - [10/Apr/2016:20:16:47 +0900] "GET / HTTP/1.1" 200 854 "-" "Mozilla/4.0 (compatible; MSIE 5.5; Windows 98)"
10.2.3.1 - - [24/Apr/2016:11:11:47 +0900] "GET / HTTP/1.1" 200 854 "-" "Mozilla/4.0 (compatible; MSIE 5.5; Windows 98)"
10.2.3.6 - - [12/Apr/2016:10:52:47 +0900] "GET / HTTP/1.1" 200 854 "-" "Mozilla/4.0 (compatible; MSIE 5.5; Windows 98)"
10.2.3.3 - - [25/Apr/2016:02:36:47 +0900] "GET / HTTP/1.1" 200 854 "-" "Mozilla/4.0 (compatible; MSIE 5.5; Windows 98)"
10.2.3.26 - - [17/Apr/2017:21:54:47 +0900] "GET / HTTP/1.1" 200 854 "-" "Mozilla/4.0 (compatible; MSIE 5.5; Windows 98)"
10.2.3.4 - - [16/Apr/2017:06:29:47 +0900] "GET / HTTP/1.1" 200 854 "-" "Mozilla/4.0 (compatible; MSIE 5.5; Windows 98)"
10.2.3.19 - - [04/Apr/2017:22:31:47 +0900] "GET / HTTP/1.1" 200 854 "-" "Mozilla/4.0 (compatible; MSIE 5.5; Windows 98)"
10.2.3.29 - - [21/Apr/2017:00:49:47 +0900] "GET / HTTP/1.1" 200 854 "-" "Mozilla/4.0 (compatible; MSIE 5.5; Windows 98)"
10.2.3.25 - - [30/Apr/2017:11:18:47 +0900] "GET / HTTP/1.1" 200 854 "-" "Mozilla/4.0 (compatible; MSIE 5.5; Windows 98)"
10.2.3.18 - - [01/Apr/2016:07:02:47 +0900] "GET / HTTP/1.1" 200 854 "-" "Mozilla/4.0 (compatible; MSIE 5.5; Windows 98)"
10.2.3.5 - - [15/Apr/2016:01:17:47 +0900] "GET / HTTP/1.1" 200 854 "-" "Mozilla/4.0 (compatible; MSIE 5.5; Windows 98)"
10.2.3.3 - - [04/Apr/2017:10:23:47 +0900] "GET / HTTP/1.1" 200 854 "-" "Mozilla/4.0 (compatible; MSIE 5.5; Windows 98)"
10.2.3.11 - - [14/Apr/2016:15:55:47 +0900] "GET / HTTP/1.1" 200 854 "-" "Mozilla/4.0 (compatible; MSIE 5.5; Windows 98)"
10.2.3.16 - - [06/Apr/2017:07:59:47 +0900] "GET / HTTP/1.1" 200 854 "-" "Mozilla/4.0 (compatible; MSIE 5.5; Windows 98)"
10.2.3.21 - - [18/Apr/2016:05:15:47 +0900] "GET / HTTP/1.1" 200 854 "-" "Mozilla/4.0 (compatible; MSIE 5.5; Windows 98)"
10.2.3.5 - - [16/Apr/2016:00:35:47 +0900] "GET / HTTP/1.1" 200 854 "-" "Mozilla/4.0 (compatible; MSIE 5.5; Windows 98)"
10.2.3.8 - - [15/Apr/2017:21:31:47 +0900] "GET / HTTP/1.1" 200 854 "-" "Mozilla/4.0 (compatible; MSIE 5.5; Windows 98)"
10.2.3.25 - - [07/Apr/2016:16:19:47 +0900] "GET / HTTP/1.1" 200 854 "-" "Mozilla/4.0 (compatible; MSIE 5.5; Windows 98)"
10.2.3.6 - - [12/Apr/2017:23:21:47 +0900] "GET / HTTP/1.1" 200 854 "-" "Mozilla/4.0 (compatible; MSIE 5.5; Windows 98)"
10.2.3.10 - - [14/Apr/2017:13:22:47 +0900] "GET / HTTP/1.1" 200 854 "-" "Mozilla/4.0 (compatible; MSIE 5.5; Windows 98)"
10.2.3.12 - - [14/Apr/2017:05:30:47 +0900] "GET / HTTP/1.1" 200 854 "-" "Mozilla/4.0 (compatible; MSIE 5.5; Windows 98)"
10.2.3.16 - - [17/Apr/2016:15:54:47 +0900] "GET / HTTP/1.1" 200 854 "-" "Mozilla/4.0 (compatible; MSIE 5.5; Windows 98)"
10.2.3.23 - - [25/Apr/2016:10:31:47 +0900] "GET / HTTP/1.1" 200 854 "-" "Mozilla/4.0 (compatible; MSIE 5.5; Windows 98)"
10.2.3.6 - - [24/Apr/2017:21:33:47 +0900] "GET / HTTP/1.1" 200 854 "-" "Mozilla/4.0 (compatible; MSIE 5.5; Windows 98)"
10.2.3.29 - - [03/Apr/2016:19:05:47 +0900] "GET / HTTP/1.1" 200 854 "-" "Mozilla/4.0 (compatible; MSIE 5.5; Windows 98)"
10.2.3.9 - - [16/Apr/2016:08:54:47 +0900] "GET / HTTP/1.1" 200 854 "-" "Mozilla/4.0 (compatible; MSIE 5.5; Windows 98)"
10.2.3.21 - - [15/Apr/2016:23:10:47 +0900] "GET / HTTP/1.1" 200 854 "-" "Mozilla/4.0 (compatible; MSIE 5.5; Windows 98)"
10.2.3.10 - - [30/Apr/2017:17:28:47 +0900] "GET / HTTP/1.1" 200 854 "-" "Mozilla/4.0 (compatible; MSIE 5.5; Windows 98)"
10.2.3.24 - - [23/Apr/2017:14:48:47 +0900] "GET / HTTP/1.1" 200 854 "-" "Mozilla/4.0 (compatible; MSIE 5.5; Windows 98)"
10.2.3.14 - - [30/Apr/2016:22:14:47 +0900] "GET / HTTP/1.1" 200 854 "-" "Mozilla/4.0 (compatible; MSIE 5.5; Windows 98)"
10.2.3.4 - - [20/Apr/2017:20:56:47 +0900] "GET / HTTP/1.1" 200 854 "-" "Mozilla/4.0 (compatible; MSIE 5.5; Windows 98)"
10.2.3.20 - - [16/Apr/2016:10:01:47 +0900] "GET / HTTP/1.1" 200 854 "-" "Mozilla/4.0 (compatible; MSIE 5.5; Windows 98)"
10.2.3.19 - - [23/Apr/2017:18:31:47 +0900] "GET / HTTP/1.1" 200 854 "-" "Mozilla/4.0 (compatible; MSIE 5.5; Windows 98)"
10.2.3.23 - - [25/Apr/2016:11:16:47 +0900] "GET / HTTP/1.1" 200 854 "-" "Mozilla/4.0 (compatible; MSIE 5.5; Windows 98)"
10.2.3.5 - - [19/Apr/2017:09:02:47 +0900] "GET / HTTP/1.1" 200 854 "-" "Mozilla/4.0 (compatible; MSIE 5.5; Windows 98)"
10.2.3.1 - - [25/Apr/2016:02:11:47 +0900] "GET / HTTP/1.1" 200 854 "-" "Mozilla/4.0 (compatible; MSIE 5.5; Windows 98)"
10.2.3.21 - - [04/Apr/2016:13:23:47 +0900] "GET / HTTP/1.1" 200 854 "-" "Mozilla/4.0 (compatible; MSIE 5.5; Windows 98)"
10.2.3.14 - - [12/Apr/2016:03:33:47 +0900] "GET / HTTP/1.1" 200 854 "-" "Mozilla/4.0 (compatible; MSIE 5.5; Windows 98)"
10.2.3.27 - - [02/Apr/2016:05:46:47 +0900] "GET / HTTP/1.1" 200 854 "-" "Mozilla/4.0 (compatible; MSIE 5.5; Windows 98)"
10.2.3.27 - - [27/Apr/2017:12:34:47 +0900] "GET / HTTP/1.1" 200 854 "-" "Mozilla/4.0 (compatible; MSIE 5.5; Windows 98)"
10.2.3.25 - - [13/Apr/2016:07:50:47 +0900] "GET / HTTP/1.1" 200 854 "-" "Mozilla/4.0 (compatible; MSIE 5.5; Windows 98)"
10.2.3.25 - - [23/Apr/2017:21:06:47 +0900] "GET / HTTP/1.1" 200 854 "-" "Mozilla/4.0 (compatible; MSIE 5.5; Windows 98)"
10.2.3.21 - - [03/Apr/2017:13:10:47 +0900] "GET / HTTP/1.1" 200 854 "-" "Mozilla/4.0 (compatible; MSIE 5.5; Windows 98)"
10.2.3.4 - - [28/Apr/2016:16:33:47 +0900] "GET / HTTP/1.1" 200 854 "-" "Mozilla/4.0 (compatible; MSIE 5.5; Windows 98)"
10.2.3.3 - - [23/Apr/2017:14:58:47 +0900] "GET / HTTP/1.1" 200 854 "-" "Mozilla/4.0 (compatible; MSIE 5.5; Windows 98)"
10.2.3.11 - - [05/Apr/2016:08:26:47 +0900] "GET / HTTP/1.1" 200 854 "-" "Mozilla/4.0 (compatible; MSIE 5.5; Windows 98)"
10.2.3.16 - - [07/Apr/2017:07:00:47 +0900] "GET / HTTP/1.1" 200 854 "-" "Mozilla/4.0 (compatible; MSIE 5.5; Windows 98)"
10.2.3.10 - - [09/Apr/2016:15:07:47 +0900] "GET / HTTP/1.1" 200 854 "-" "Mozilla/4.0 (compatible; MSIE 5.5; Windows 98)"
10.2.3.13 - - [03/Apr/2016:18:56:47 +0900] "GET / HTTP/1.1" 200 854 "-" "Mozilla/4.0 (compatible; MSIE 5.5; Windows 98)"
10.2.3.16 - - [07/Apr/2016:02:34:47 +0900] "GET / HTTP/1.1" 200 854 "-" "Mozilla/4.0 (compatible; MSIE 5.5; Windows 98)"
10.2.3.7 - - [17/Apr/2016:20:34:47 +0900] "GET / HTTP/1.1" 200 854 "-" "Mozilla/4.0 (compatible; MSIE 5.5; Windows 98)"
10.2.3.21 - - [02/Apr/2016:13:40:47 +0900] "GET / HTTP/1.1" 200 854 "-" "Mozilla/4.0 (compatible; MSIE 5.5; Windows 98)"
10.2.3.21 - - [03/Apr/2016:12:45:47 +0900] "GET / HTTP/1.1" 200 854 "-" "Mozilla/4.0 (compatible; MSIE 5.5; Windows 98)"
10.2.3.20 - - [10/Apr/2017:00:55:47 +0900] "GET / HTTP/1.1" 200 854 "-" "Mozilla/4.0 (compatible; MSIE 5.5; Windows 98)"
10.2.3.1 - - [05/Apr/2016:14:56:47 +0900] "GET / HTTP/1.1" 200 854 "-" "Mozilla/4.0 (compatible; MSIE 5.5; Windows 98)"
10.2.3.19 - - [12/Apr/2017:04:07:47 +0900] "GET / HTTP/1.1" 200 854 "-" "Mozilla/4.0 (compatible; MSIE 5.5; Windows 98)"
10.2.3.26 - - [01/Apr/2016:22:29:47 +0900] "GET / HTTP/1.1" 200 854 "-" "Mozilla/4.0 (compatible; MSIE 5.5; Windows 98)"
10.2.3.11 - - [13/Apr/2017:22:55:47 +0900] "GET / HTTP/1.1" 200 854 "-" "Mozilla/4.0 (compatible; MSIE 5.5; Windows 98)"
10.2.3.5 - - [27/Apr/2016:04:31:47 +0900] "GET / HTTP/1.1" 200 854 "-" "Mozilla/4.0 (compatible; MSIE 5.5; Windows 98)"
10.2.3.10 - - [01/Apr/2017:08:32:47 +0900] "GET / HTTP/1.1" 200 854 "-" "Mozilla/4.0 (compatible; MSIE 5.5; Windows 98)"
10.2.3.3 - - [02/Apr/2017:22:30:47 +0900] "GET / HTTP/1.1" 200 854 "-" "Mozilla/4.0 (compatible; MSIE 5.5; Windows 98)"
10.2.3.26 - - [17/Apr/2016:17:24:47 +0900] "GET / HTTP/1.1" 200 854 "-" "Mozilla/4.0 (compatible; MSIE 5.5; Windows 98)"
10.2.3.22 - - [05/Apr/2016:21:05:47 +0900] "GET / HTTP/1.1" 200 854 "-" "Mozilla/4.0 (compatible; MSIE 5.5; Windows 98)"
10.2.3.27 - - [13/Apr/2017:21:57:47 +0900] "GET / HTTP/1.1" 200 854 "-" "Mozilla/4.0 (compatible; MSIE 5.5; Windows 98)"
10.2.3.5 - - [21/Apr/2016:12:01:47 +0900] "GET / HTTP/1.1" 200 854 "-" "Mozilla/4.0 (compatible; MSIE 5.5; Windows 98)"
10.2.3.22 - - [04/Apr/2016:00:51:47 +0900] "GET / HTTP/1.1" 200 854 "-" "Mozilla/4.0 (compatible; MSIE 5.5; Windows 98)"
10.2.3.1 - - [05/Apr/2017:09:09:47 +0900] "GET / HTTP/1.1" 200 854 "-" "Mozilla/4.0 (compatible; MSIE 5.5; Windows 98)"
10.2.3.7 - - [29/Apr/2016:06:18:47 +0900] "GET / HTTP/1.1" 200 854 "-" "Mozilla/4.0 (compatible; MSIE 5.5; Windows 98)"
10.2.3.10 - - [25/Apr/2016:15:46:47 +0900] "GET / HTTP/1.1" 200 854 "-" "Mozilla/4.0 (compatible; MSIE 5.5; Windows 98)"
10.2.3.29 - - [25/Apr/2017:02:18:47 +0900] "GET / HTTP/1.1" 200 854 "-" "Mozilla/4.0 (compatible; MSIE 5.5; Windows 98)"
10.2.3.7 - - [09/Apr/2017:09:57:47 +0900] "GET / HTTP/1.1" 200 854 "-" "Mozilla/4.0 (compatible; MSIE 5.5; Windows 98)"
10.2.3.5 - - [09/Apr/2017:11:53:47 +0900] "GET / HTTP/1.1" 200 854 "-" "Mozilla/4.0 (compatible; MSIE 5.5; Windows 98)"
10.2.3.4 - - [21/Apr/2016:01:24:47 +0900] "GET / HTTP/1.1" 200 854 "-" "Mozilla/4.0 (compatible; MSIE 5.5; Windows 98)"
10.2.3.18 - - [27/Apr/2017:01:52:47 +0900] "GET / HTTP/1.1" 200 854 "-" "Mozilla/4.0 (compatible; MSIE 5.5; Windows 98)"
10.2.3.23 - - [08/Apr/2016:10:17:47 +0900] "GET / HTTP/1.1" 200 854 "-" "Mozilla/4.0 (compatible; MSIE 5.5; Windows 98)"
10.2.3.17 - - [25/Apr/2016:09:34:47 +0900] "GET / HTTP/1.1" 200 854 "-" "Mozilla/4.0 (compatible; MSIE 5.5; Windows 98)"
10.2.3.24 - - [21/Apr/2016:15:01:47 +0900] "GET / HTTP/1.1" 200 854 "-" "Mozilla/4.0 (compatible; MSIE 5.5; Windows 98)"
10.2.3.5 - - [05/Apr/2017:10:45:47 +0900] "GET / HTTP/1.1" 200 854 "-" "Mozilla/4.0 (compatible; MSIE 5.5; Windows 98)"
10.2.3.1 - - [03/Apr/2017:18:58:47 +0900] "GET / HTTP/1.1" 200 854 "-" "Mozilla/4.0 (compatible; MSIE 5.5; Windows 98)"
10.2.3.27 - - [15/Apr/2017:14:48:47 +0900] "GET / HTTP/1.1" 200 854 "-" "Mozilla/4.0 (compatible; MSIE 5.5; Windows 98)"
10.2.3.4 - - [22/Apr/2017:19:02:47 +0900] "GET / HTTP/1.1" 200 854 "-" "Mozilla/4.0 (compatible; MSIE 5.5; Windows 98)"
10.2.3.12 - - [28/Apr/2016:16:20:47 +0900] "GET / HTTP/1.1" 200 854 "-" "Mozilla/4.0 (compatible; MSIE 5.5; Windows 98)"
10.2.3.20 - - [13/Apr/2017:21:59:47 +0900] "GET / HTTP/1.1" 200 854 "-" "Mozilla/4.0 (compatible; MSIE 5.5; Windows 98)"
10.2.3.28 - - [08/Apr/2017:10:25:47 +0900] "GET / HTTP/1.1" 200 854 "-" "Mozilla/4.0 (compatible; MSIE 5.5; Windows 98)"
10.2.3.22 - - [21/Apr/2017:13:06:47 +0900] "GET / HTTP/1.1" 200 854 "-" "Mozilla/4.0 (compatible; MSIE 5.5; Windows 98)"
10.2.3.27 - - [03/Apr/2016:22:14:47 +0900] "GET / HTTP/1.1" 200 854 "-" "Mozilla/4.0 (compatible; MSIE 5.5; Windows 98)"
10.2.3.10 - - [19/Apr/2017:10:27:47 +0900] "GET / HTTP/1.1" 200 854 "-" "Mozilla/4.0 (compatible; MSIE 5.5; Windows 98)"
10.2.3.29 - - [27/Apr/2017:16:01:47 +0900] "GET / HTTP/1.1" 200 854 "-" "Mozilla/4.0 (compatible; MSIE 5.5; Windows 98)"
10.2.3.4 - - [23/Apr/2016:03:11:47 +0900] "GET / HTTP/1.1" 200 854 "-" "Mozilla/4.0 (compatible; MSIE 5.5; Windows 98)"
10.2.3.12 - - [16/Apr/2017:09:48:47 +0900] "GET / HTTP/1.1" 200 854 "-" "Mozilla/4.0 (compatible; MSIE 5.5; Windows 98)"
10.2.3.18 - - [15/Apr/2017:13:35:47 +0900] "GET / HTTP/1.1" 200 854 "-" "Mozilla/4.0 (compatible; MSIE 5.5; Windows 98)"
10.2.3.25 - - [10/Apr/2016:21:00:47 +0900] "GET / HTTP/1.1" 200 854 "-" "Mozilla/4.0 (compatible; MSIE 5.5; Windows 98)"
10.2.3.20 - - [11/Apr/2016:02:20:47 +0900] "GET / HTTP/1.1" 200 854 "-" "Mozilla/4.0 (compatible; MSIE 5.5; Windows 98)"
10.2.3.5 - - [16/Apr/2016:23:13:47 +0900] "GET / HTTP/1.1" 200 854 "-" "Mozilla/4.0 (compatible; MSIE 5.5; Windows 98)"
10.2.3.25 - - [14/Apr/2017:00:27:47 +0900] "GET / HTTP/1.1" 200 854 "-" "Mozilla/4.0 (compatible; MSIE 5.5; Windows 98)"
10.2.3.26 - - [18/Apr/2016:02:03:47 +0900] "GET / HTTP/1.1" 200 854 "-" "Mozilla/4.0 (compatible; MSIE 5.5; Windows 98)"
10.2.3.1 - - [29/Apr/2016:14:13:47 +0900] "GET / HTTP/1.1" 200 854 "-" "Mozilla/4.0 (compatible; MSIE 5.5; Windows 98)"
10.2.3.16 - - [11/Apr/2016:18:07:47 +0900] "GET / HTTP/1.1" 200 854 "-" "Mozilla/4.0 (compatible; MSIE 5.5; Windows 98)"
10.2.3.24 - - [30/Apr/2016:14:08:47 +0900] "GET / HTTP/1.1" 200 854 "-" "Mozilla/4.0 (compatible; MSIE 5.5; Windows 98)"
10.2.3.7 - - [12/Apr/2017:04:44:47 +0900] "GET / HTTP/1.1" 200 854 "-" "Mozilla/4.0 (compatible; MSIE 5.5; Windows 98)"
10.2.3.27 - - [12/Apr/2016:07:32:47 +0900] "GET / HTTP/1.1" 200 854 "-" "Mozilla/4.0 (compatible; MSIE 5.5; Windows 98)"
10.2.3.23 - - [07/Apr/2017:05:36:47 +0900] "GET / HTTP/1.1" 200 854 "-" "Mozilla/4.0 (compatible; MSIE 5.5; Windows 98)"
10.2.3.21 - - [23/Apr/2016:16:31:47 +0900] "GET / HTTP/1.1" 200 854 "-" "Mozilla/4.0 (compatible; MSIE 5.5; Windows 98)"
10.2.3.9 - - [04/Apr/2016:09:14:47 +0900] "GET / HTTP/1.1" 200 854 "-" "Mozilla/4.0 (compatible; MSIE 5.5; Windows 98)"
10.2.3.4 - - [29/Apr/2017:01:43:47 +0900] "GET / HTTP/1.1" 200 854 "-" "Mozilla/4.0 (compatible; MSIE 5.5; Windows 98)"
10.2.3.1 - - [12/Apr/2016:16:19:47 +0900] "GET / HTTP/1.1" 200 854 "-" "Mozilla/4.0 (compatible; MSIE 5.5; Windows 98)"
10.2.3.28 - - [21/Apr/2016:14:55:47 +0900] "GET / HTTP/1.1" 200 854 "-" "Mozilla/4.0 (compatible; MSIE 5.5; Windows 98)"
10.2.3.22 - - [08/Apr/2017:04:41:47 +0900] "GET / HTTP/1.1" 200 854 "-" "Mozilla/4.0 (compatible; MSIE 5.5; Windows 98)"
10.2.3.3 - - [04/Apr/2016:11:28:47 +0900] "GET / HTTP/1.1" 200 854 "-" "Mozilla/4.0 (compatible; MSIE 5.5; Windows 98)"
10.2.3.17 - - [15/Apr/2017:09:03:47 +0900] "GET / HTTP/1.1" 200 854 "-" "Mozilla/4.0 (compatible; MSIE 5.5; Windows 98)"
10.2.3.15 - - [17/Apr/2017:07:17:47 +0900] "GET / HTTP/1.1" 200 854 "-" "Mozilla/4.0 (compatible; MSIE 5.5; Windows 98)"
10.2.3.30 - - [10/Apr/2017:01:48:47 +0900] "GET / HTTP/1.1" 200 854 "-" "Mozilla/4.0 (compatible; MSIE 5.5; Windows 98)"
10.2.3.6 - - [06/Apr/2017:23:39:47 +0900] "GET / HTTP/1.1" 200 854 "-" "Mozilla/4.0 (compatible; MSIE 5.5; Windows 98)"
10.2.3.11 - - [15/Apr/2016:15:56:47 +0900] "GET / HTTP/1.1" 200 854 "-" "Mozilla/4.0 (compatible; MSIE 5.5; Windows 98)"
10.2.3.24 - - [05/Apr/2017:23:33:47 +0900] "GET / HTTP/1.1" 200 854 "-" "Mozilla/4.0 (compatible; MSIE 5.5; Windows 98)"
10.2.3.27 - - [23/Apr/2017:22:15:47 +0900] "GET / HTTP/1.1" 200 854 "-" "Mozilla/4.0 (compatible; MSIE 5.5; Windows 98)"
10.2.3.19 - - [11/Apr/2016:13:40:47 +0900] "GET / HTTP/1.1" 200 854 "-" "Mozilla/4.0 (compatible; MSIE 5.5; Windows 98)"
10.2.3.16 - - [05/Apr/2017:15:51:47 +0900] "GET / HTTP/1.1" 200 854 "-" "Mozilla/4.0 (compatible; MSIE 5.5; Windows 98)"
10.2.3.12 - - [28/Apr/2017:10:11:47 +0900] "GET / HTTP/1.1" 200 854 "-" "Mozilla/4.0 (compatible; MSIE 5.5; Windows 98)"
10.2.3.18 - - [01/Apr/2016:23:02:47 +0900] "GET / HTTP/1.1" 200 854 "-" "Mozilla/4.0 (compatible; MSIE 5.5; Windows 98)"
10.2.3.19 - - [16/Apr/2016:14:03:47 +0900] "GET / HTTP/1.1" 200 854 "-" "Mozilla/4.0 (compatible; MSIE 5.5; Windows 98)"
10.2.3.12 - - [30/Apr/2016:22:49:47 +0900] "GET / HTTP/1.1" 200 854 "-" "Mozilla/4.0 (compatible; MSIE 5.5; Windows 98)"
10.2.3.20 - - [27/Apr/2016:07:00:47 +0900] "GET / HTTP/1.1" 200 854 "-" "Mozilla/4.0 (compatible; MSIE 5.5; Windows 98)"
10.2.3.10 - - [14/Apr/2017:06:47:47 +0900] "GET / HTTP/1.1" 200 854 "-" "Mozilla/4.0 (compatible; MSIE 5.5; Windows 98)"
10.2.3.7 - - [14/Apr/2017:08:25:47 +0900] "GET / HTTP/1.1" 200 854 "-" "Mozilla/4.0 (compatible; MSIE 5.5; Windows 98)"
10.2.3.9 - - [23/Apr/2016:10:57:47 +0900] "GET / HTTP/1.1" 200 854 "-" "Mozilla/4.0 (compatible; MSIE 5.5; Windows 98)"
10.2.3.19 - - [26/Apr/2016:10:51:47 +0900] "GET / HTTP/1.1" 200 854 "-" "Mozilla/4.0 (compatible; MSIE 5.5; Windows 98)"
10.2.3.13 - - [12/Apr/2016:12:49:47 +0900] "GET / HTTP/1.1" 200 854 "-" "Mozilla/4.0 (compatible; MSIE 5.5; Windows 98)"
10.2.3.23 - - [20/Apr/2017:13:23:47 +0900] "GET / HTTP/1.1" 200 854 "-" "Mozilla/4.0 (compatible; MSIE 5.5; Windows 98)"
10.2.3.29 - - [22/Apr/2016:19:41:47 +0900] "GET / HTTP/1.1" 200 854 "-" "Mozilla/4.0 (compatible; MSIE 5.5; Windows 98)"
10.2.3.19 - - [02/Apr/2017:09:30:47 +0900] "GET / HTTP/1.1" 200 854 "-" "Mozilla/4.0 (compatible; MSIE 5.5; Windows 98)"
10.2.3.26 - - [04/Apr/2016:21:09:47 +0900] "GET / HTTP/1.1" 200 854 "-" "Mozilla/4.0 (compatible; MSIE 5.5; Windows 98)"
10.2.3.28 - - [06/Apr/2016:21:48:47 +0900] "GET / HTTP/1.1" 200 854 "-" "Mozilla/4.0 (compatible; MSIE 5.5; Windows 98)"
10.2.3.21 - - [03/Apr/2017:12:43:47 +0900] "GET / HTTP/1.1" 200 854 "-" "Mozilla/4.0 (compatible; MSIE 5.5; Windows 98)"
10.2.3.5 - - [19/Apr/2016:09:04:47 +0900] "GET / HTTP/1.1" 200 854 "-" "Mozilla/4.0 (compatible; MSIE 5.5; Windows 98)"
10.2.3.8 - - [02/Apr/2016:13:43:47 +0900] "GET / HTTP/1.1" 200 854 "-" "Mozilla/4.0 (compatible; MSIE 5.5; Windows 98)"
10.2.3.6 - - [03/Apr/2016:12:10:47 +0900] "GET / HTTP/1.1" 200 854 "-" "Mozilla/4.0 (compatible; MSIE 5.5; Windows 98)"
10.2.3.16 - - [24/Apr/2017:05:58:47 +0900] "GET / HTTP/1.1" 200 854 "-" "Mozilla/4.0 (compatible; MSIE 5.5; Windows 98)"
10.2.3.19 - - [04/Apr/2016:05:29:47 +0900] "GET / HTTP/1.1" 200 854 "-" "Mozilla/4.0 (compatible; MSIE 5.5; Windows 98)"
10.2.3.28 - - [27/Apr/2017:21:00:47 +0900] "GET / HTTP/1.1" 200 854 "-" "Mozilla/4.0 (compatible; MSIE 5.5; Windows 98)"
10.2.3.16 - - [18/Apr/2016:09:57:47 +0900] "GET / HTTP/1.1" 200 854 "-" "Mozilla/4.0 (compatible; MSIE 5.5; Windows 98)"
10.2.3.16 - - [29/Apr/2017:22:17:47 +0900] "GET / HTTP/1.1" 200 854 "-" "Mozilla/4.0 (compatible; MSIE 5.5; Windows 98)"
10.2.3.15 - - [08/Apr/2016:22:26:47 +0900] "GET / HTTP/1.1" 200 854 "-" "Mozilla/4.0 (compatible; MSIE 5.5; Windows 98)"
10.2.3.14 - - [13/Apr/2016:00:45:47 +0900] "GET / HTTP/1.1" 200 854 "-" "Mozilla/4.0 (compatible; MSIE 5.5; Windows 98)"
10.2.3.16 - - [12/Apr/2017:04:12:47 +0900] "GET / HTTP/1.1" 200 854 "-" "Mozilla/4.0 (compatible; MSIE 5.5; Windows 98)"
10.2.3.20 - - [20/Apr/2017:02:54:47 +0900] "GET / HTTP/1.1" 200 854 "-" "Mozilla/4.0 (compatible; MSIE 5.5; Windows 98)"
10.2.3.27 - - [30/Apr/2017:09:04:47 +0900] "GET / HTTP/1.1" 200 854 "-" "Mozilla/4.0 (compatible; MSIE 5.5; Windows 98)"
10.2.3.4 - - [24/Apr/2017:04:30:47 +0900] "GET / HTTP/1.1" 200 854 "-" "Mozilla/4.0 (compatible; MSIE 5.5; Windows 98)"
10.2.3.3 - - [29/Apr/2017:10:04:47 +0900] "GET / HTTP/1.1" 200 854 "-" "Mozilla/4.0 (compatible; MSIE 5.5; Windows 98)"
10.2.3.26 - - [06/Apr/2017:22:19:47 +0900] "GET / HTTP/1.1" 200 854 "-" "Mozilla/4.0 (compatible; MSIE 5.5; Windows 98)"
10.2.3.30 - - [13/Apr/2017:07:51:47 +0900] "GET / HTTP/1.1" 200 854 "-" "Mozilla/4.0 (compatible; MSIE 5.5; Windows 98)"
10.2.3.26 - - [28/Apr/2017:17:58:47 +0900] "GET / HTTP/1.1" 200 854 "-" "Mozilla/4.0 (compatible; MSIE 5.5; Windows 98)"
10.2.3.7 - - [26/Apr/2016:15:12:47 +0900] "GET / HTTP/1.1" 200 854 "-" "Mozilla/4.0 (compatible; MSIE 5.5; Windows 98)"
10.2.3.29 - - [26/Apr/2016:02:29:47 +0900] "GET / HTTP/1.1" 200 854 "-" "Mozilla/4.0 (compatible; MSIE 5.5; Windows 98)"
10.2.3.29 - - [24/Apr/2017:17:10:47 +0900] "GET / HTTP/1.1" 200 854 "-" "Mozilla/4.0 (compatible; MSIE 5.5; Windows 98)"
10.2.3.19 - - [05/Apr/2017:09:04:47 +0900] "GET / HTTP/1.1" 200 854 "-" "Mozilla/4.0 (compatible; MSIE 5.5; Windows 98)"
10.2.3.24 - - [16/Apr/2017:05:43:47 +0900] "GET / HTTP/1.1" 200 854 "-" "Mozilla/4.0 (compatible; MSIE 5.5; Windows 98)"
10.2.3.2 - - [17/Apr/2016:01:34:47 +0900] "GET / HTTP/1.1" 200 854 "-" "Mozilla/4.0 (compatible; MSIE 5.5; Windows 98)"
10.2.3.9 - - [04/Apr/2016:14:01:47 +0900] "GET / HTTP/1.1" 200 854 "-" "Mozilla/4.0 (compatible; MSIE 5.5; Windows 98)"
10.2.3.28 - - [14/Apr/2016:09:59:47 +0900] "GET / HTTP/1.1" 200 854 "-" "Mozilla/4.0 (compatible; MSIE 5.5; Windows 98)"
10.2.3.12 - - [16/Apr/2016:18:18:47 +0900] "GET / HTTP/1.1" 200 854 "-" "Mozilla/4.0 (compatible; MSIE 5.5; Windows 98)"
10.2.3.12 - - [09/Apr/2016:19:02:47 +0900] "GET / HTTP/1.1" 200 854 "-" "Mozilla/4.0 (compatible; MSIE 5.5; Windows 98)"
10.2.3.30 - - [10/Apr/2017:01:18:47 +0900] "GET / HTTP/1.1" 200 854 "-" "Mozilla/4.0 (compatible; MSIE 5.5; Windows 98)"
10.2.3.26 - - [07/Apr/2017:22:06:47 +0900] "GET / HTTP/1.1" 200 854 "-" "Mozilla/4.0 (compatible; MSIE 5.5; Windows 98)"
10.2.3.9 - - [30/Apr/2016:18:24:47 +0900] "GET / HTTP/1.1" 200 854 "-" "Mozilla/4.0 (compatible; MSIE 5.5; Windows 98)"
10.2.3.1 - - [06/Apr/2016:14:25:47 +0900] "GET / HTTP/1.1" 200 854 "-" "Mozilla/4.0 (compatible; MSIE 5.5; Windows 98)"
10.2.3.29 - - [15/Apr/2017:06:56:47 +0900] "GET / HTTP/1.1" 200 854 "-" "Mozilla/4.0 (compatible; MSIE 5.5; Windows 98)"
10.2.3.9 - - [09/Apr/2017:07:57:47 +0900] "GET / HTTP/1.1" 200 854 "-" "Mozilla/4.0 (compatible; MSIE 5.5; Windows 98)"
10.2.3.17 - - [22/Apr/2016:15:37:47 +0900] "GET / HTTP/1.1" 200 854 "-" "Mozilla/4.0 (compatible; MSIE 5.5; Windows 98)"
10.2.3.22 - - [01/Apr/2017:22:59:47 +0900] "GET / HTTP/1.1" 200 854 "-" "Mozilla/4.0 (compatible; MSIE 5.5; Windows 98)"
10.2.3.8 - - [23/Apr/2016:07:32:47 +0900] "GET / HTTP/1.1" 200 854 "-" "Mozilla/4.0 (compatible; MSIE 5.5; Windows 98)"
10.2.3.1 - - [07/Apr/2017:07:58:47 +0900] "GET / HTTP/1.1" 200 854 "-" "Mozilla/4.0 (compatible; MSIE 5.5; Windows 98)"
10.2.3.28 - - [04/Apr/2016:22:50:47 +0900] "GET / HTTP/1.1" 200 854 "-" "Mozilla/4.0 (compatible; MSIE 5.5; Windows 98)"
10.2.3.14 - - [12/Apr/2016:15:10:47 +0900] "GET / HTTP/1.1" 200 854 "-" "Mozilla/4.0 (compatible; MSIE 5.5; Windows 98)"
10.2.3.26 - - [19/Apr/2017:17:25:47 +0900] "GET / HTTP/1.1" 200 854 "-" "Mozilla/4.0 (compatible; MSIE 5.5; Windows 98)"
10.2.3.7 - - [23/Apr/2017:00:51:47 +0900] "GET / HTTP/1.1" 200 854 "-" "Mozilla/4.0 (compatible; MSIE 5.5; Windows 98)"
10.2.3.30 - - [17/Apr/2017:22:44:47 +0900] "GET / HTTP/1.1" 200 854 "-" "Mozilla/4.0 (compatible; MSIE 5.5; Windows 98)"
10.2.3.8 - - [21/Apr/2016:22:39:47 +0900] "GET / HTTP/1.1" 200 854 "-" "Mozilla/4.0 (compatible; MSIE 5.5; Windows 98)"
10.2.3.29 - - [18/Apr/2017:18:11:47 +0900] "GET / HTTP/1.1" 200 854 "-" "Mozilla/4.0 (compatible; MSIE 5.5; Windows 98)"
10.2.3.16 - - [22/Apr/2016:08:50:47 +0900] "GET / HTTP/1.1" 200 854 "-" "Mozilla/4.0 (compatible; MSIE 5.5; Windows 98)"
10.2.3.23 - - [04/Apr/2016:06:55:47 +0900] "GET / HTTP/1.1" 200 854 "-" "Mozilla/4.0 (compatible; MSIE 5.5; Windows 98)"
10.2.3.15 - - [05/Apr/2016:02:16:47 +0900] "GET / HTTP/1.1" 200 854 "-" "Mozilla/4.0 (compatible; MSIE 5.5; Windows 98)"
10.2.3.4 - - [29/Apr/2016:12:41:47 +0900] "GET / HTTP/1.1" 200 854 "-" "Mozilla/4.0 (compatible; MSIE 5.5; Windows 98)"
10.2.3.11 - - [03/Apr/2016:10:20:47 +0900] "GET / HTTP/1.1" 200 854 "-" "Mozilla/4.0 (compatible; MSIE 5.5; Windows 98)"
10.2.3.24 - - [29/Apr/2017:16:26:47 +0900] "GET / HTTP/1.1" 200 854 "-" "Mozilla/4.0 (compatible; MSIE 5.5; Windows 98)"
10.2.3.3 - - [04/Apr/2017:08:11:47 +0900] "GET / HTTP/1.1" 200 854 "-" "Mozilla/4.0 (compatible; MSIE 5.5; Windows 98)"
10.2.3.8 - - [01/Apr/2016:09:59:47 +0900] "GET / HTTP/1.1" 200 854 "-" "Mozilla/4.0 (compatible; MSIE 5.5; Windows 98)"
10.2.3.23 - - [26/Apr/2016:12:32:47 +0900] "GET / HTTP/1.1" 200 854 "-" "Mozilla/4.0 (compatible; MSIE 5.5; Windows 98)"
10.2.3.7 - - [22/Apr/2017:04:41:47 +0900] "GET / HTTP/1.1" 200 854 "-" "Mozilla/4.0 (compatible; MSIE 5.5; Windows 98)"
10.2.3.7 - - [18/Apr/2016:20:47:47 +0900] "GET / HTTP/1.1" 200 854 "-" "Mozilla/4.0 (compatible; MSIE 5.5; Windows 98)"
10.2.3.17 - - [30/Apr/2016:21:01:47 +0900] "GET / HTTP/1.1" 200 854 "-" "Mozilla/4.0 (compatible; MSIE 5.5; Windows 98)"
10.2.3.4 - - [16/Apr/2016:20:19:47 +0900] "GET / HTTP/1.1" 200 854 "-" "Mozilla/4.0 (compatible; MSIE 5.5; Windows 98)"
10.2.3.17 - - [17/Apr/2017:06:05:47 +0900] "GET / HTTP/1.1" 200 854 "-" "Mozilla/4.0 (compatible; MSIE 5.5; Windows 98)"
10.2.3.28 - - [19/Apr/2016:15:51:47 +0900] "GET / HTTP/1.1" 200 854 "-" "Mozilla/4.0 (compatible; MSIE 5.5; Windows 98)"
10.2.3.21 - - [18/Apr/2017:20:24:47 +0900] "GET / HTTP/1.1" 200 854 "-" "Mozilla/4.0 (compatible; MSIE 5.5; Windows 98)"
10.2.3.14 - - [28/Apr/2016:10:52:47 +0900] "GET / HTTP/1.1" 200 854 "-" "Mozilla/4.0 (compatible; MSIE 5.5; Windows 98)"
10.2.3.18 - - [27/Apr/2017:06:35:47 +0900] "GET / HTTP/1.1" 200 854 "-" "Mozilla/4.0 (compatible; MSIE 5.5; Windows 98)"
10.2.3.12 - - [01/Apr/2017:19:10:47 +0900] "GET / HTTP/1.1" 200 854 "-" "Mozilla/4.0 (compatible; MSIE 5.5; Windows 98)"
10.2.3.3 - - [15/Apr/2016:14:11:47 +0900] "GET / HTTP/1.1" 200 854 "-" "Mozilla/4.0 (compatible; MSIE 5.5; Windows 98)"
10.2.3.6 - - [24/Apr/2017:23:10:47 +0900] "GET / HTTP/1.1" 200 854 "-" "Mozilla/4.0 (compatible; MSIE 5.5; Windows 98)"
10.2.3.7 - - [28/Apr/2017:11:13:47 +0900] "GET / HTTP/1.1" 200 854 "-" "Mozilla/4.0 (compatible; MSIE 5.5; Windows 98)"
10.2.3.14 - - [13/Apr/2017:01:50:47 +0900] "GET / HTTP/1.1" 200 854 "-" "Mozilla/4.0 (compatible; MSIE 5.5; Windows 98)"
10.2.3.3 - - [17/Apr/2016:09:34:47 +0900] "GET / HTTP/1.1" 200 854 "-" "Mozilla/4.0 (compatible; MSIE 5.5; Windows 98)"
10.2.3.17 - - [12/Apr/2017:11:07:47 +0900] "GET / HTTP/1.1" 200 854 "-" "Mozilla/4.0 (compatible; MSIE 5.5; Windows 98)"
10.2.3.29 - - [17/Apr/2017:02:56:47 +0900] "GET / HTTP/1.1" 200 854 "-" "Mozilla/4.0 (compatible; MSIE 5.5; Windows 98)"
10.2.3.4 - - [21/Apr/2017:07:20:47 +0900] "GET / HTTP/1.1" 200 854 "-" "Mozilla/4.0 (compatible; MSIE 5.5; Windows 98)"
10.2.3.7 - - [25/Apr/2017:23:25:47 +0900] "GET / HTTP/1.1" 200 854 "-" "Mozilla/4.0 (compatible; MSIE 5.5; Windows 98)"
10.2.3.23 - - [08/Apr/2016:22:57:47 +0900] "GET / HTTP/1.1" 200 854 "-" "Mozilla/4.0 (compatible; MSIE 5.5; Windows 98)"
10.2.3.23 - - [17/Apr/2017:01:10:47 +0900] "GET / HTTP/1.1" 200 854 "-" "Mozilla/4.0 (compatible; MSIE 5.5; Windows 98)"
10.2.3.30 - - [19/Apr/2016:07:51:47 +0900] "GET / HTTP/1.1" 200 854 "-" "Mozilla/4.0 (compatible; MSIE 5.5; Windows 98)"
10.2.3.7 - - [11/Apr/2016:17:46:47 +0900] "GET / HTTP/1.1" 200 854 "-" "Mozilla/4.0 (compatible; MSIE 5.5; Windows 98)"
10.2.3.27 - - [19/Apr/2017:16:44:47 +0900] "GET / HTTP/1.1" 200 854 "-" "Mozilla/4.0 (compatible; MSIE 5.5; Windows 98)"
10.2.3.8 - - [21/Apr/2017:03:36:47 +0900] "GET / HTTP/1.1" 200 854 "-" "Mozilla/4.0 (compatible; MSIE 5.5; Windows 98)"
10.2.3.16 - - [08/Apr/2017:20:36:47 +0900] "GET / HTTP/1.1" 200 854 "-" "Mozilla/4.0 (compatible; MSIE 5.5; Windows 98)"
10.2.3.21 - - [06/Apr/2017:20:51:47 +0900] "GET / HTTP/1.1" 200 854 "-" "Mozilla/4.0 (compatible; MSIE 5.5; Windows 98)"
10.2.3.29 - - [02/Apr/2017:09:46:47 +0900] "GET / HTTP/1.1" 200 854 "-" "Mozilla/4.0 (compatible; MSIE 5.5; Windows 98)"
10.2.3.27 - - [26/Apr/2016:20:16:47 +0900] "GET / HTTP/1.1" 200 854 "-" "Mozilla/4.0 (compatible; MSIE 5.5; Windows 98)"
10.2.3.1 - - [27/Apr/2016:13:39:47 +0900] "GET / HTTP/1.1" 200 854 "-" "Mozilla/4.0 (compatible; MSIE 5.5; Windows 98)"
10.2.3.22 - - [26/Apr/2016:11:21:47 +0900] "GET / HTTP/1.1" 200 854 "-" "Mozilla/4.0 (compatible; MSIE 5.5; Windows 98)"
10.2.3.16 - - [18/Apr/2016:11:04:47 +0900] "GET / HTTP/1.1" 200 854 "-" "Mozilla/4.0 (compatible; MSIE 5.5; Windows 98)"
10.2.3.4 - - [11/Apr/2017:12:50:47 +0900] "GET / HTTP/1.1" 200 854 "-" "Mozilla/4.0 (compatible; MSIE 5.5; Windows 98)"
10.2.3.3 - - [20/Apr/2016:13:57:47 +0900] "GET / HTTP/1.1" 200 854 "-" "Mozilla/4.0 (compatible; MSIE 5.5; Windows 98)"
10.2.3.16 - - [28/Apr/2017:22:03:47 +0900] "GET / HTTP/1.1" 200 854 "-" "Mozilla/4.0 (compatible; MSIE 5.5; Windows 98)"
10.2.3.20 - - [13/Apr/2017:09:08:47 +0900] "GET / HTTP/1.1" 200 854 "-" "Mozilla/4.0 (compatible; MSIE 5.5; Windows 98)"
10.2.3.28 - - [04/Apr/2016:19:12:47 +0900] "GET / HTTP/1.1" 200 854 "-" "Mozilla/4.0 (compatible; MSIE 5.5; Windows 98)"
10.2.3.24 - - [13/Apr/2016:20:34:47 +0900] "GET / HTTP/1.1" 200 854 "-" "Mozilla/4.0 (compatible; MSIE 5.5; Windows 98)"
10.2.3.5 - - [10/Apr/2017:04:09:47 +0900] "GET / HTTP/1.1" 200 854 "-" "Mozilla/4.0 (compatible; MSIE 5.5; Windows 98)"
10.2.3.22 - - [29/Apr/2016:09:14:47 +0900] "GET / HTTP/1.1" 200 854 "-" "Mozilla/4.0 (compatible; MSIE 5.5; Windows 98)"
10.2.3.10 - - [24/Apr/2016:18:08:47 +0900] "GET / HTTP/1.1" 200 854 "-" "Mozilla/4.0 (compatible; MSIE 5.5; Windows 98)"
10.2.3.25 - - [10/Apr/2016:00:55:47 +0900] "GET / HTTP/1.1" 200 854 "-" "Mozilla/4.0 (compatible; MSIE 5.5; Windows 98)"
10.2.3.12 - - [06/Apr/2017:05:48:47 +0900] "GET / HTTP/1.1" 200 854 "-" "Mozilla/4.0 (compatible; MSIE 5.5; Windows 98)"
10.2.3.3 - - [06/Apr/2016:01:17:47 +0900] "GET / HTTP/1.1" 200 854 "-" "Mozilla/4.0 (compatible; MSIE 5.5; Windows 98)"
10.2.3.17 - - [29/Apr/2016:03:11:47 +0900] "GET / HTTP/1.1" 200 854 "-" "Mozilla/4.0 (compatible; MSIE 5.5; Windows 98)"
10.2.3.30 - - [25/Apr/2016:07:42:47 +0900] "GET / HTTP/1.1" 200 854 "-" "Mozilla/4.0 (compatible; MSIE 5.5; Windows 98)"
10.2.3.27 - - [10/Apr/2017:23:01:47 +0900] "GET / HTTP/1.1" 200 854 "-" "Mozilla/4.0 (compatible; MSIE 5.5; Windows 98)"
10.2.3.12 - - [09/Apr/2017:19:52:47 +0900] "GET / HTTP/1.1" 200 854 "-" "Mozilla/4.0 (compatible; MSIE 5.5; Windows 98)"
10.2.3.12 - - [04/Apr/2017:11:09:47 +0900] "GET / HTTP/1.1" 200 854 "-" "Mozilla/4.0 (compatible; MSIE 5.5; Windows 98)"
10.2.3.22 - - [24/Apr/2016:18:20:47 +0900] "GET / HTTP/1.1" 200 854 "-" "Mozilla/4.0 (compatible; MSIE 5.5; Windows 98)"
10.2.3.25 - - [17/Apr/2016:14:55:47 +0900] "GET / HTTP/1.1" 200 854 "-" "Mozilla/4.0 (compatible; MSIE 5.5; Windows 98)"
10.2.3.5 - - [04/Apr/2016:17:26:47 +0900] "GET / HTTP/1.1" 200 854 "-" "Mozilla/4.0 (compatible; MSIE 5.5; Windows 98)"
10.2.3.29 - - [22/Apr/2017:15:07:47 +0900] "GET / HTTP/1.1" 200 854 "-" "Mozilla/4.0 (compatible; MSIE 5.5; Windows 98)"
10.2.3.11 - - [19/Apr/2016:03:18:47 +0900] "GET / HTTP/1.1" 200 854 "-" "Mozilla/4.0 (compatible; MSIE 5.5; Windows 98)"
10.2.3.2 - - [05/Apr/2016:15:34:47 +0900] "GET / HTTP/1.1" 200 854 "-" "Mozilla/4.0 (compatible; MSIE 5.5; Windows 98)"
10.2.3.29 - - [20/Apr/2016:01:38:47 +0900] "GET / HTTP/1.1" 200 854 "-" "Mozilla/4.0 (compatible; MSIE 5.5; Windows 98)"
10.2.3.24 - - [02/Apr/2016:05:11:47 +0900] "GET / HTTP/1.1" 200 854 "-" "Mozilla/4.0 (compatible; MSIE 5.5; Windows 98)"
10.2.3.29 - - [07/Apr/2016:11:02:47 +0900] "GET / HTTP/1.1" 200 854 "-" "Mozilla/4.0 (compatible; MSIE 5.5; Windows 98)"
10.2.3.22 - - [25/Apr/2017:10:22:47 +0900] "GET / HTTP/1.1" 200 854 "-" "Mozilla/4.0 (compatible; MSIE 5.5; Windows 98)"
10.2.3.1 - - [07/Apr/2017:12:57:47 +0900] "GET / HTTP/1.1" 200 854 "-" "Mozilla/4.0 (compatible; MSIE 5.5; Windows 98)"
10.2.3.20 - - [02/Apr/2016:11:25:47 +0900] "GET / HTTP/1.1" 200 854 "-" "Mozilla/4.0 (compatible; MSIE 5.5; Windows 98)"
10.2.3.30 - - [07/Apr/2016:10:28:47 +0900] "GET / HTTP/1.1" 200 854 "-" "Mozilla/4.0 (compatible; MSIE 5.5; Windows 98)"
10.2.3.5 - - [02/Apr/2017:04:37:47 +0900] "GET / HTTP/1.1" 200 854 "-" "Mozilla/4.0 (compatible; MSIE 5.5; Windows 98)"
10.2.3.16 - - [08/Apr/2017:01:42:47 +0900] "GET / HTTP/1.1" 200 854 "-" "Mozilla/4.0 (compatible; MSIE 5.5; Windows 98)"
10.2.3.22 - - [05/Apr/2016:22:12:47 +0900] "GET / HTTP/1.1" 200 854 "-" "Mozilla/4.0 (compatible; MSIE 5.5; Windows 98)"
10.2.3.1 - - [12/Apr/2017:07:19:47 +0900] "GET / HTTP/1.1" 200 854 "-" "Mozilla/4.0 (compatible; MSIE 5.5; Windows 98)"
10.2.3.8 - - [23/Apr/2016:06:26:47 +0900] "GET / HTTP/1.1" 200 854 "-" "Mozilla/4.0 (compatible; MSIE 5.5; Windows 98)"
10.2.3.27 - - [09/Apr/2017:13:13:47 +0900] "GET / HTTP/1.1" 200 854 "-" "Mozilla/4.0 (compatible; MSIE 5.5; Windows 98)"
10.2.3.4 - - [23/Apr/2016:04:09:47 +0900] "GET / HTTP/1.1" 200 854 "-" "Mozilla/4.0 (compatible; MSIE 5.5; Windows 98)"
10.2.3.30 - - [08/Apr/2016:08:14:47 +0900] "GET / HTTP/1.1" 200 854 "-" "Mozilla/4.0 (compatible; MSIE 5.5; Windows 98)"
10.2.3.2 - - [12/Apr/2016:13:37:47 +0900] "GET / HTTP/1.1" 200 854 "-" "Mozilla/4.0 (compatible; MSIE 5.5; Windows 98)"
10.2.3.28 - - [22/Apr/2017:02:51:47 +0900] "GET / HTTP/1.1" 200 854 "-" "Mozilla/4.0 (compatible; MSIE 5.5; Windows 98)"
10.2.3.19 - - [21/Apr/2016:01:49:47 +0900] "GET / HTTP/1.1" 200 854 "-" "Mozilla/4.0 (compatible; MSIE 5.5; Windows 98)"
10.2.3.22 - - [27/Apr/2016:11:30:47 +0900] "GET / HTTP/1.1" 200 854 "-" "Mozilla/4.0 (compatible; MSIE 5.5; Windows 98)"
10.2.3.28 - - [05/Apr/2016:08:35:47 +0900] "GET / HTTP/1.1" 200 854 "-" "Mozilla/4.0 (compatible; MSIE 5.5; Windows 98)"
10.2.3.2 - - [29/Apr/2016:16:31:47 +0900] "GET / HTTP/1.1" 200 854 "-" "Mozilla/4.0 (compatible; MSIE 5.5; Windows 98)"
10.2.3.1 - - [02/Apr/2016:18:43:47 +0900] "GET / HTTP/1.1" 200 854 "-" "Mozilla/4.0 (compatible; MSIE 5.5; Windows 98)"
10.2.3.25 - - [01/Apr/2017:12:56:47 +0900] "GET / HTTP/1.1" 200 854 "-" "Mozilla/4.0 (compatible; MSIE 5.5; Windows 98)"
10.2.3.16 - - [09/Apr/2017:11:07:47 +0900] "GET / HTTP/1.1" 200 854 "-" "Mozilla/4.0 (compatible; MSIE 5.5; Windows 98)"
10.2.3.11 - - [22/Apr/2016:02:28:47 +0900] "GET / HTTP/1.1" 200 854 "-" "Mozilla/4.0 (compatible; MSIE 5.5; Windows 98)"
10.2.3.2 - - [05/Apr/2016:04:43:47 +0900] "GET / HTTP/1.1" 200 854 "-" "Mozilla/4.0 (compatible; MSIE 5.5; Windows 98)"
10.2.3.23 - - [20/Apr/2016:07:40:47 +0900] "GET / HTTP/1.1" 200 854 "-" "Mozilla/4.0 (compatible; MSIE 5.5; Windows 98)"
10.2.3.9 - - [11/Apr/2017:23:43:47 +0900] "GET / HTTP/1.1" 200 854 "-" "Mozilla/4.0 (compatible; MSIE 5.5; Windows 98)"
10.2.3.27 - - [02/Apr/2017:05:40:47 +0900] "GET / HTTP/1.1" 200 854 "-" "Mozilla/4.0 (compatible; MSIE 5.5; Windows 98)"
10.2.3.23 - - [05/Apr/2017:20:53:47 +0900] "GET / HTTP/1.1" 200 854 "-" "Mozilla/4.0 (compatible; MSIE 5.5; Windows 98)"
10.2.3.21 - - [29/Apr/2017:11:18:47 +0900] "GET / HTTP/1.1" 200 854 "-" "Mozilla/4.0 (compatible; MSIE 5.5; Windows 98)"
10.2.3.27 - - [27/Apr/2017:17:23:47 +0900] "GET / HTTP/1.1" 200 854 "-" "Mozilla/4.0 (compatible; MSIE 5.5; Windows 98)"
10.2.3.8 - - [22/Apr/2017:17:46:47 +0900] "GET / HTTP/1.1" 200 854 "-" "Mozilla/4.0 (compatible; MSIE 5.5; Windows 98)"
10.2.3.23 - - [26/Apr/2016:04:36:47 +0900] "GET / HTTP/1.1" 200 854 "-" "Mozilla/4.0 (compatible; MSIE 5.5; Windows 98)"
10.2.3.19 - - [03/Apr/2017:15:27:47 +0900] "GET / HTTP/1.1" 200 854 "-" "Mozilla/4.0 (compatible; MSIE 5.5; Windows 98)"
10.2.3.2 - - [13/Apr/2017:07:46:47 +0900] "GET / HTTP/1.1" 200 854 "-" "Mozilla/4.0 (compatible; MSIE 5.5; Windows 98)"
10.2.3.24 - - [19/Apr/2017:05:16:47 +0900] "GET / HTTP/1.1" 200 854 "-" "Mozilla/4.0 (compatible; MSIE 5.5; Windows 98)"
10.2.3.10 - - [04/Apr/2017:19:21:47 +0900] "GET / HTTP/1.1" 200 854 "-" "Mozilla/4.0 (compatible; MSIE 5.5; Windows 98)"
10.2.3.13 - - [08/Apr/2016:14:12:47 +0900] "GET / HTTP/1.1" 200 854 "-" "Mozilla/4.0 (compatible; MSIE 5.5; Windows 98)"
10.2.3.16 - - [19/Apr/2016:17:51:47 +0900] "GET / HTTP/1.1" 200 854 "-" "Mozilla/4.0 (compatible; MSIE 5.5; Windows 98)"
10.2.3.10 - - [04/Apr/2017:00:38:47 +0900] "GET / HTTP/1.1" 200 854 "-" "Mozilla/4.0 (compatible; MSIE 5.5; Windows 98)"
10.2.3.2 - - [09/Apr/2016:01:43:47 +0900] "GET / HTTP/1.1" 200 854 "-" "Mozilla/4.0 (compatible; MSIE 5.5; Windows 98)"
10.2.3.6 - - [08/Apr/2017:11:34:47 +0900] "GET / HTTP/1.1" 200 854 "-" "Mozilla/4.0 (compatible; MSIE 5.5; Windows 98)"
10.2.3.26 - - [02/Apr/2017:06:30:47 +0900] "GET / HTTP/1.1" 200 854 "-" "Mozilla/4.0 (compatible; MSIE 5.5; Windows 98)"
10.2.3.5 - - [15/Apr/2017:22:07:47 +0900] "GET / HTTP/1.1" 200 854 "-" "Mozilla/4.0 (compatible; MSIE 5.5; Windows 98)"
10.2.3.27 - - [09/Apr/2016:11:01:47 +0900] "GET / HTTP/1.1" 200 854 "-" "Mozilla/4.0 (compatible; MSIE 5.5; Windows 98)"
10.2.3.30 - - [10/Apr/2016:17:02:47 +0900] "GET / HTTP/1.1" 200 854 "-" "Mozilla/4.0 (compatible; MSIE 5.5; Windows 98)"
10.2.3.3 - - [02/Apr/2016:17:53:47 +0900] "GET / HTTP/1.1" 200 854 "-" "Mozilla/4.0 (compatible; MSIE 5.5; Windows 98)"
10.2.3.14 - - [22/Apr/2016:09:31:47 +0900] "GET / HTTP/1.1" 200 854 "-" "Mozilla/4.0 (compatible; MSIE 5.5; Windows 98)"
10.2.3.11 - - [03/Apr/2017:07:49:47 +0900] "GET / HTTP/1.1" 200 854 "-" "Mozilla/4.0 (compatible; MSIE 5.5; Windows 98)"
10.2.3.29 - - [07/Apr/2016:21:25:47 +0900] "GET / HTTP/1.1" 200 854 "-" "Mozilla/4.0 (compatible; MSIE 5.5; Windows 98)"
10.2.3.22 - - [27/Apr/2017:09:00:47 +0900] "GET / HTTP/1.1" 200 854 "-" "Mozilla/4.0 (compatible; MSIE 5.5; Windows 98)"
10.2.3.22 - - [06/Apr/2016:19:16:47 +0900] "GET / HTTP/1.1" 200 854 "-" "Mozilla/4.0 (compatible; MSIE 5.5; Windows 98)"
10.2.3.12 - - [02/Apr/2017:16:12:47 +0900] "GET / HTTP/1.1" 200 854 "-" "Mozilla/4.0 (compatible; MSIE 5.5; Windows 98)"
10.2.3.30 - - [17/Apr/2017:08:34:47 +0900] "GET / HTTP/1.1" 200 854 "-" "Mozilla/4.0 (compatible; MSIE 5.5; Windows 98)"
10.2.3.9 - - [13/Apr/2016:19:09:47 +0900] "GET / HTTP/1.1" 200 854 "-" "Mozilla/4.0 (compatible; MSIE 5.5; Windows 98)"
10.2.3.21 - - [07/Apr/2017:00:23:47 +0900] "GET / HTTP/1.1" 200 854 "-" "Mozilla/4.0 (compatible; MSIE 5.5; Windows 98)"
10.2.3.30 - - [02/Apr/2016:10:56:47 +0900] "GET / HTTP/1.1" 200 854 "-" "Mozilla/4.0 (compatible; MSIE 5.5; Windows 98)"
10.2.3.23 - - [04/Apr/2017:04:33:47 +0900] "GET / HTTP/1.1" 200 854 "-" "Mozilla/4.0 (compatible; MSIE 5.5; Windows 98)"
10.2.3.29 - - [13/Apr/2017:21:35:47 +0900] "GET / HTTP/1.1" 200 854 "-" "Mozilla/4.0 (compatible; MSIE 5.5; Windows 98)"
10.2.3.21 - - [09/Apr/2016:20:20:47 +0900] "GET / HTTP/1.1" 200 854 "-" "Mozilla/4.0 (compatible; MSIE 5.5; Windows 98)"
10.2.3.1 - - [24/Apr/2016:11:03:47 +0900] "GET / HTTP/1.1" 200 854 "-" "Mozilla/4.0 (compatible; MSIE 5.5; Windows 98)"
10.2.3.28 - - [11/Apr/2016:03:59:47 +0900] "GET / HTTP/1.1" 200 854 "-" "Mozilla/4.0 (compatible; MSIE 5.5; Windows 98)"
10.2.3.15 - - [25/Apr/2016:07:16:47 +0900] "GET / HTTP/1.1" 200 854 "-" "Mozilla/4.0 (compatible; MSIE 5.5; Windows 98)"
10.2.3.12 - - [01/Apr/2017:11:19:47 +0900] "GET / HTTP/1.1" 200 854 "-" "Mozilla/4.0 (compatible; MSIE 5.5; Windows 98)"
10.2.3.23 - - [30/Apr/2016:12:40:47 +0900] "GET / HTTP/1.1" 200 854 "-" "Mozilla/4.0 (compatible; MSIE 5.5; Windows 98)"
10.2.3.5 - - [19/Apr/2017:23:37:47 +0900] "GET / HTTP/1.1" 200 854 "-" "Mozilla/4.0 (compatible; MSIE 5.5; Windows 98)"
10.2.3.15 - - [16/Apr/2016:11:35:47 +0900] "GET / HTTP/1.1" 200 854 "-" "Mozilla/4.0 (compatible; MSIE 5.5; Windows 98)"
10.2.3.16 - - [16/Apr/2017:00:06:47 +0900] "GET / HTTP/1.1" 200 854 "-" "Mozilla/4.0 (compatible; MSIE 5.5; Windows 98)"
10.2.3.26 - - [27/Apr/2017:17:49:47 +0900] "GET / HTTP/1.1" 200 854 "-" "Mozilla/4.0 (compatible; MSIE 5.5; Windows 98)"
10.2.3.15 - - [29/Apr/2017:05:06:47 +0900] "GET / HTTP/1.1" 200 854 "-" "Mozilla/4.0 (compatible; MSIE 5.5; Windows 98)"
10.2.3.8 - - [05/Apr/2017:01:39:47 +0900] "GET / HTTP/1.1" 200 854 "-" "Mozilla/4.0 (compatible; MSIE 5.5; Windows 98)"
10.2.3.22 - - [05/Apr/2017:06:27:47 +0900] "GET / HTTP/1.1" 200 854 "-" "Mozilla/4.0 (compatible; MSIE 5.5; Windows 98)"
